Component: ARM Compiler 6.16 Tool: armlink [5dfeaa00]

==============================================================================

Section Cross References

    startup_stm32h743xx.o(RESET) refers to startup_stm32h743xx.o(STACK) for __initial_sp
    startup_stm32h743xx.o(RESET) refers to startup_stm32h743xx.o(.text) for Reset_Handler
    startup_stm32h743xx.o(RESET) refers to stm32h7xx_it.o(.text.NMI_Handler) for NMI_Handler
    startup_stm32h743xx.o(RESET) refers to stm32h7xx_it.o(.text.HardFault_Handler) for HardFault_Handler
    startup_stm32h743xx.o(RESET) refers to stm32h7xx_it.o(.text.MemManage_Handler) for MemManage_Handler
    startup_stm32h743xx.o(RESET) refers to stm32h7xx_it.o(.text.BusFault_Handler) for BusFault_Handler
    startup_stm32h743xx.o(RESET) refers to stm32h7xx_it.o(.text.UsageFault_Handler) for UsageFault_Handler
    startup_stm32h743xx.o(RESET) refers to stm32h7xx_it.o(.text.SVC_Handler) for SVC_Handler
    startup_stm32h743xx.o(RESET) refers to stm32h7xx_it.o(.text.DebugMon_Handler) for DebugMon_Handler
    startup_stm32h743xx.o(RESET) refers to stm32h7xx_it.o(.text.PendSV_Handler) for PendSV_Handler
    startup_stm32h743xx.o(RESET) refers to stm32h7xx_it.o(.text.SysTick_Handler) for SysTick_Handler
    startup_stm32h743xx.o(RESET) refers to stm32h7xx_it.o(.text.FDCAN1_IT0_IRQHandler) for FDCAN1_IT0_IRQHandler
    startup_stm32h743xx.o(RESET) refers to usart.o(.text.UART4_IRQHandler) for UART4_IRQHandler
    startup_stm32h743xx.o(RESET) refers to stm32h7xx_it.o(.text.TIM6_DAC_IRQHandler) for TIM6_DAC_IRQHandler
    startup_stm32h743xx.o(.text) refers to system_stm32h7xx.o(.text.SystemInit) for SystemInit
    startup_stm32h743xx.o(.text) refers to entry.o(.ARM.Collect$$$$00000000) for __main
    system_stm32h7xx.o(.ARM.exidx.text.SystemInit) refers to system_stm32h7xx.o(.text.SystemInit) for [Anonymous Symbol]
    system_stm32h7xx.o(.text.SystemCoreClockUpdate) refers to system_stm32h7xx.o(.data.SystemCoreClock) for SystemCoreClock
    system_stm32h7xx.o(.text.SystemCoreClockUpdate) refers to system_stm32h7xx.o(.rodata.D1CorePrescTable) for D1CorePrescTable
    system_stm32h7xx.o(.ARM.exidx.text.SystemCoreClockUpdate) refers to system_stm32h7xx.o(.text.SystemCoreClockUpdate) for [Anonymous Symbol]
    stm32h7xx_hal.o(.text.HAL_Init) refers to stm32h7xx_hal_cortex.o(.text.HAL_NVIC_SetPriorityGrouping) for HAL_NVIC_SetPriorityGrouping
    stm32h7xx_hal.o(.text.HAL_Init) refers to stm32h7xx_hal.o(.text.HAL_InitTick) for HAL_InitTick
    stm32h7xx_hal.o(.text.HAL_Init) refers to stm32h7xx_hal_msp.o(.text.HAL_MspInit) for HAL_MspInit
    stm32h7xx_hal.o(.ARM.exidx.text.HAL_Init) refers to stm32h7xx_hal.o(.text.HAL_Init) for [Anonymous Symbol]
    stm32h7xx_hal.o(.text.HAL_InitTick) refers to stm32h7xx_hal.o(.data.uwTickFreq) for uwTickFreq
    stm32h7xx_hal.o(.text.HAL_InitTick) refers to system_stm32h7xx.o(.data.SystemCoreClock) for SystemCoreClock
    stm32h7xx_hal.o(.text.HAL_InitTick) refers to stm32h7xx_hal_cortex.o(.text.HAL_SYSTICK_Config) for HAL_SYSTICK_Config
    stm32h7xx_hal.o(.text.HAL_InitTick) refers to stm32h7xx_hal_cortex.o(.text.HAL_NVIC_SetPriority) for HAL_NVIC_SetPriority
    stm32h7xx_hal.o(.text.HAL_InitTick) refers to stm32h7xx_hal.o(.data.uwTickPrio) for uwTickPrio
    stm32h7xx_hal.o(.ARM.exidx.text.HAL_InitTick) refers to stm32h7xx_hal.o(.text.HAL_InitTick) for [Anonymous Symbol]
    stm32h7xx_hal.o(.ARM.exidx.text.HAL_MspInit) refers to stm32h7xx_hal.o(.text.HAL_MspInit) for [Anonymous Symbol]
    stm32h7xx_hal.o(.text.HAL_DeInit) refers to stm32h7xx_hal_msp.o(.text.HAL_MspDeInit) for HAL_MspDeInit
    stm32h7xx_hal.o(.ARM.exidx.text.HAL_DeInit) refers to stm32h7xx_hal.o(.text.HAL_DeInit) for [Anonymous Symbol]
    stm32h7xx_hal.o(.ARM.exidx.text.HAL_MspDeInit) refers to stm32h7xx_hal.o(.text.HAL_MspDeInit) for [Anonymous Symbol]
    stm32h7xx_hal.o(.text.HAL_IncTick) refers to stm32h7xx_hal.o(.data.uwTickFreq) for uwTickFreq
    stm32h7xx_hal.o(.text.HAL_IncTick) refers to stm32h7xx_hal.o(.bss.uwTick) for uwTick
    stm32h7xx_hal.o(.ARM.exidx.text.HAL_IncTick) refers to stm32h7xx_hal.o(.text.HAL_IncTick) for [Anonymous Symbol]
    stm32h7xx_hal.o(.text.HAL_GetTick) refers to stm32h7xx_hal.o(.bss.uwTick) for uwTick
    stm32h7xx_hal.o(.ARM.exidx.text.HAL_GetTick) refers to stm32h7xx_hal.o(.text.HAL_GetTick) for [Anonymous Symbol]
    stm32h7xx_hal.o(.text.HAL_GetTickPrio) refers to stm32h7xx_hal.o(.data.uwTickPrio) for uwTickPrio
    stm32h7xx_hal.o(.ARM.exidx.text.HAL_GetTickPrio) refers to stm32h7xx_hal.o(.text.HAL_GetTickPrio) for [Anonymous Symbol]
    stm32h7xx_hal.o(.text.HAL_SetTickFreq) refers to stm32h7xx_hal.o(.rodata.str1.1) for .L.str
    stm32h7xx_hal.o(.text.HAL_SetTickFreq) refers to main.o(.text.assert_failed) for assert_failed
    stm32h7xx_hal.o(.text.HAL_SetTickFreq) refers to stm32h7xx_hal.o(.data.uwTickFreq) for uwTickFreq
    stm32h7xx_hal.o(.text.HAL_SetTickFreq) refers to stm32h7xx_hal.o(.data.uwTickPrio) for uwTickPrio
[...]
    [Anonymous Symbol]                       0x08002660   Section        0  system_stm32h7xx.o(.text.SystemInit)
    [Anonymous Symbol]                       0x080026d0   Section        0  tim.o(.text.TIM6_Init)
    [Anonymous Symbol]                       0x08002700   Section        0  tim.o(.text.TIM6_Stop)
    [Anonymous Symbol]                       0x08002718   Section        0  stm32h7xx_hal_tim.o(.text.TIM_Base_SetConfig)
    [Anonymous Symbol]                       0x08002858   Section        0  stm32h7xx_hal_uart.o(.text.UART_CheckIdleState)
    UART_DMAAbortOnError                     0x080028c1   Thumb Code    20  stm32h7xx_hal_uart.o(.text.UART_DMAAbortOnError)
    [Anonymous Symbol]                       0x080028c0   Section        0  stm32h7xx_hal_uart.o(.text.UART_DMAAbortOnError)
    UART_EndRxTransfer                       0x080028d9   Thumb Code    26  stm32h7xx_hal_uart.o(.text.UART_EndRxTransfer)
    [Anonymous Symbol]                       0x080028d8   Section        0  stm32h7xx_hal_uart.o(.text.UART_EndRxTransfer)
    UART_EndTransmit_IT                      0x080028f9   Thumb Code    24  stm32h7xx_hal_uart.o(.text.UART_EndTransmit_IT)
    [Anonymous Symbol]                       0x080028f8   Section        0  stm32h7xx_hal_uart.o(.text.UART_EndTransmit_IT)
    UART_Receive_IT                          0x08002911   Thumb Code   114  stm32h7xx_hal_uart.o(.text.UART_Receive_IT)
    [Anonymous Symbol]                       0x08002910   Section        0  stm32h7xx_hal_uart.o(.text.UART_Receive_IT)
    [Anonymous Symbol]                       0x08002988   Section        0  stm32h7xx_hal_uart.o(.text.UART_SetConfig)
    __NVIC_GetPriorityGrouping               0x080032d1   Thumb Code    16  stm32h7xx_hal_cortex.o(.text.__NVIC_GetPriorityGrouping)
    [Anonymous Symbol]                       0x080032d0   Section        0  stm32h7xx_hal_cortex.o(.text.__NVIC_GetPriorityGrouping)
    [Anonymous Symbol]                       0x080032e0   Section        0  delay.o(.text.delay_init)
    [Anonymous Symbol]                       0x080032f8   Section        0  main.o(.text.main)
    [Anonymous Symbol]                       0x08003390   Section        0  command_analyse.o(.text.pc_to_pinboard_command_analyse)
    pinboard_sendto_submodule                0x08003449   Thumb Code    92  command_analyse.o(.text.pinboard_sendto_submodule)
    [Anonymous Symbol]                       0x08003448   Section        0  command_analyse.o(.text.pinboard_sendto_submodule)
    rs485_uart4_re                           0x080034a9   Thumb Code    28  usart.o(.text.rs485_uart4_re)
    [Anonymous Symbol]                       0x080034a8   Section        0  usart.o(.text.rs485_uart4_re)
    i.__0printf$8                            0x080034c4   Section        0  printf8.o(i.__0printf$8)
    i.__scatterload_copy                     0x080034e4   Section       14  handlers.o(i.__scatterload_copy)
    i.__scatterload_null                     0x080034f2   Section        2  handlers.o(i.__scatterload_null)
    i.__scatterload_zeroinit                 0x080034f4   Section       14  handlers.o(i.__scatterload_zeroinit)
    _printf_post_padding                     0x08003503   Thumb Code    36  printf8.o(i._printf_post_padding)
    i._printf_post_padding                   0x08003502   Section        0  printf8.o(i._printf_post_padding)
    _printf_pre_padding                      0x08003527   Thumb Code    46  printf8.o(i._printf_pre_padding)
    i._printf_pre_padding                    0x08003526   Section        0  printf8.o(i._printf_pre_padding)
    .L.str                                   0x08003554   Data          64  stm32h7xx_hal_cortex.o(.rodata.str1.1)
    [Anonymous Symbol]                       0x08003554   Section        0  stm32h7xx_hal_cortex.o(.rodata.str1.1)
    .L.str                                   0x08003594   Data          62  stm32h7xx_hal_iwdg.o(.rodata.str1.1)
    [Anonymous Symbol]                       0x08003594   Section        0  stm32h7xx_hal_iwdg.o(.rodata.str1.1)
    .L.str                                   0x080035d2   Data          64  stm32h7xx_hal_rcc_ex.o(.rodata.str1.1)
    [Anonymous Symbol]                       0x080035d2   Section        0  stm32h7xx_hal_rcc_ex.o(.rodata.str1.1)
    .L.str                                   0x08003612   Data          61  stm32h7xx_hal_tim.o(.rodata.str1.1)
    [Anonymous Symbol]                       0x08003612   Section        0  stm32h7xx_hal_tim.o(.rodata.str1.1)
    .L.str.1                                 0x0800364f   Data          18  main.o(.rodata.str1.1)
    [Anonymous Symbol]                       0x0800364f   Section        0  main.o(.rodata.str1.1)
    .L.str.1                                 0x08003661   Data          25  fdcan.o(.rodata.str1.1)
    [Anonymous Symbol]                       0x08003661   Section        0  fdcan.o(.rodata.str1.1)
    .L.str.1                                 0x0800367a   Data          44  command_analyse.o(.rodata.str1.1)
    [Anonymous Symbol]                       0x0800367a   Section        0  command_analyse.o(.rodata.str1.1)
    .L.str                                   0x080036a6   Data          41  command_analyse.o(.rodata.str1.1)
    $v0                                      0x08100000   Number         0  startup_stm32h743xx.o(.text)
    .text                                    0x08100000   Section       36  startup_stm32h743xx.o(.text)
    .text                                    0x08100024   Section        0  memseta.o(.text)
    .text                                    0x08100048   Section        0  llushr.o(.text)
    [Anonymous Symbol]                       0x08100068   Section        0  sys.o(.text.Cache_Enable)
    [Anonymous Symbol]                       0x08100088   Section        0  stm32h7xx_it.o(.text.DebugMon_Handler)
    FDCAN_CalcultateRamBlockAddresses        0x08100091   Thumb Code   474  stm32h7xx_hal_fdcan.o(.text.FDCAN_CalcultateRamBlockAddresses)
    [Anonymous Symbol]                       0x08100090   Section        0  stm32h7xx_hal_fdcan.o(.text.FDCAN_CalcultateRamBlockAddresses)
    [Anonymous Symbol]                       0x08100270   Section        0  stm32h7xx_hal_dma.o(.text.HAL_DMA_Abort_IT)
    [Anonymous Symbol]                       0x08100338   Section        0  stm32h7xx_hal.o(.text.HAL_EnableCompensationCell)
    [Anonymous Symbol]                       0x08100350   Section        0  stm32h7xx_hal_fdcan.o(.text.HAL_FDCAN_ActivateNotification)
    [Anonymous Symbol]                       0x081003f0   Section        0  stm32h7xx_hal_fdcan.o(.text.HAL_FDCAN_ConfigGlobalFilter)
    [Anonymous Symbol]                       0x08100488   Section        0  stm32h7xx_hal_fdcan.o(.text.HAL_FDCAN_GetRxMessage)
    [Anonymous Symbol]                       0x08100600   Section        0  stm32h7xx_hal_fdcan.o(.text.HAL_FDCAN_HighPriorityMessageCallback)
    [Anonymous Symbol]                       0x08100608   Section        0  stm32h7xx_hal_fdcan.o(.text.HAL_FDCAN_Init)
    [Anonymous Symbol]                       0x08100ac0   Section        0  stm32h7xx_hal_fdcan.o(.text.HAL_FDCAN_RxBufferNewMessageCallback)
    [Anonymous Symbol]                       0x08100ac8   Section        0  stm32h7xx_hal_fdcan.o(.text.HAL_FDCAN_Start)
    [Anonymous Symbol]                       0x08100b00   Section        0  stm32h7xx_hal_fdcan.o(.text.HAL_FDCAN_TT_GlobalTimeCallback)
    [Anonymous Symbol]                       0x08100b08   Section        0  stm32h7xx_hal_fdcan.o(.text.HAL_FDCAN_TT_TimeMarkCallback)
    [Anonymous Symbol]                       0x08100b10   Section        0  stm32h7xx_hal_fdcan.o(.text.HAL_FDCAN_TimeoutOccurredCallback)
    [Anonymous Symbol]                       0x08100b18   Section        0  stm32h7xx_hal_fdcan.o(.text.HAL_FDCAN_TxBufferAbortCallback)
    [Anonymous Symbol]                       0x08100b20   Section        0  stm32h7xx_hal_fdcan.o(.text.HAL_FDCAN_TxEventFifoCallback)
    [Anonymous Symbol]                       0x08100b28   Section        0  stm32h7xx_hal_fdcan.o(.text.HAL_FDCAN_TxFifoEmptyCallback)
    [Anonymous Symbol]                       0x08100b30   Section        0  stm32h7xx_hal_gpio.o(.text.HAL_GPIO_WritePin)
    [Anonymous Symbol]                       0x08100b70   Section        0  stm32h7xx_hal.o(.text.HAL_GetTick)
    [Anonymous Symbol]                       0x08100b80   Section        0  stm32h7xx_hal_iwdg.o(.text.HAL_IWDG_Init)
    [Anonymous Symbol]                       0x08100c30   Section        0  stm32h7xx_hal.o(.text.HAL_IncTick)
    [Anonymous Symbol]                       0x08100c50   Section        0  stm32h7xx_hal_msp.o(.text.HAL_MspInit)
    [Anonymous Symbol]                       0x08100c58   Section        0  stm32h7xx_hal_rcc_ex.o(.text.HAL_RCCEx_GetD3PCLK1Freq)
    [Anonymous Symbol]                       0x08100c88   Section        0  stm32h7xx_hal_rcc_ex.o(.text.HAL_RCCEx_GetPLL3ClockFreq)
    [Anonymous Symbol]                       0x08100d78   Section        0  stm32h7xx_hal_rcc_ex.o(.text.HAL_RCCEx_PeriphCLKConfig)
    [Anonymous Symbol]                       0x08101d68   Section        0  stm32h7xx_hal_tim_ex.o(.text.HAL_TIMEx_CommutationCallback)
    [Anonymous Symbol]                       0x08101d70   Section        0  stm32h7xx_hal_tim.o(.text.HAL_TIM_Base_Init)
    [Anonymous Symbol]                       0x08101ec8   Section        0  tim.o(.text.HAL_TIM_Base_MspInit)
    [Anonymous Symbol]                       0x08101f10   Section        0  stm32h7xx_hal_tim.o(.text.HAL_TIM_Base_Start_IT)
    [Anonymous Symbol]                       0x08102008   Section        0  stm32h7xx_hal_tim.o(.text.HAL_TIM_Base_Stop_IT)
    [Anonymous Symbol]                       0x08102118   Section        0  stm32h7xx_hal_tim.o(.text.HAL_TIM_IC_CaptureCallback)
    [Anonymous Symbol]                       0x08102120   Section        0  stm32h7xx_hal_tim.o(.text.HAL_TIM_PWM_PulseFinishedCallback)
    [Anonymous Symbol]                       0x08102128   Section        0  stm32h7xx_hal_uart.o(.text.HAL_UART_ErrorCallback)
    [Anonymous Symbol]                       0x08102130   Section        0  stm32h7xx_hal_uart.o(.text.HAL_UART_Init)
    [Anonymous Symbol]                       0x081022b8   Section        0  usart.o(.text.HAL_UART_MspInit)
    [Anonymous Symbol]                       0x081023e8   Section        0  stm32h7xx_hal_uart.o(.text.HAL_UART_Receive)
    [Anonymous Symbol]                       0x081024d0   Section        0  stm32h7xx_hal_uart.o(.text.HAL_UART_RxCpltCallback)
    [Anonymous Symbol]                       0x081024d8   Section        0  stm32h7xx_it.o(.text.MemManage_Handler)
    [Anonymous Symbol]                       0x081024e0   Section        0  stm32h7xx_it.o(.text.NMI_Handler)
    [Anonymous Symbol]                       0x081024e8   Section        0  ring_buffer_chapter.o(.text.RBC_Get_Chapter_Free_Size)
    [Anonymous Symbol]                       0x081024f8   Section        0  ring_buffer_chapter.o(.text.RBC_Get_Chapter_Number)
    [Anonymous Symbol]                       0x08102510   Section        0  ring_buffer_chapter.o(.text.RBC_Init)
    [Anonymous Symbol]                       0x08102548   Section        0  ring_buffer_chapter.o(.text.RBC_Write_String)
    [Anonymous Symbol]                       0x08102570   Section        0  ring_buffer.o(.text.RB_Get_Length)
    [Anonymous Symbol]                       0x08102578   Section        0  ring_buffer.o(.text.RB_Init)
    [Anonymous Symbol]                       0x08102598   Section        0  ring_buffer.o(.text.RB_Write_String)
    RCCEx_PLL3_Config                        0x08102609   Thumb Code   316  stm32h7xx_hal_rcc_ex.o(.text.RCCEx_PLL3_Config)
    [Anonymous Symbol]                       0x08102608   Section        0  stm32h7xx_hal_rcc_ex.o(.text.RCCEx_PLL3_Config)
    [Anonymous Symbol]                       0x08102748   Section        0  ring_buffer_chapter.o(.text.Ring_Buffer_Chapter_Init)
    SCB_EnableDCache                         0x08102779   Thumb Code    94  sys.o(.text.SCB_EnableDCache)
    [Anonymous Symbol]                       0x08102778   Section        0  sys.o(.text.SCB_EnableDCache)
    SCB_EnableICache                         0x081027d9   Thumb Code    48  sys.o(.text.SCB_EnableICache)
    [Anonymous Symbol]                       0x081027d8   Section        0  sys.o(.text.SCB_EnableICache)
    [Anonymous Symbol]                       0x08102808   Section        0  sys.o(.text.Stm32_Clock_Init)
    SysTick_Config                           0x081028c9   Thumb Code    46  stm32h7xx_hal_cortex.o(.text.SysTick_Config)
    [Anonymous Symbol]                       0x081028c8   Section        0  stm32h7xx_hal_cortex.o(.text.SysTick_Config)
    [Anonymous Symbol]                       0x081028f8   Section        0  stm32h7xx_it.o(.text.SysTick_Handler)
    [Anonymous Symbol]                       0x08102900   Section        0  stm32h7xx_it.o(.text.TIM6_DAC_IRQHandler)
    [Anonymous Symbol]                       0x08102910   Section        0  tim.o(.text.TIM6_Start)
    [Anonymous Symbol]                       0x08102928   Section        0  usart.o(.text.UART4_Config)
    [Anonymous Symbol]                       0x08102978   Section        0  usart.o(.text.UART4_IRQHandler)
    [Anonymous Symbol]                       0x08102b28   Section        0  stm32h7xx_hal_uart.o(.text.UART_AdvFeatureConfig)
    UART_Transmit_IT                         0x08102da1   Thumb Code   110  stm32h7xx_hal_uart.o(.text.UART_Transmit_IT)
    [Anonymous Symbol]                       0x08102da0   Section        0  stm32h7xx_hal_uart.o(.text.UART_Transmit_IT)
    [Anonymous Symbol]                       0x08102e10   Section        0  stm32h7xx_hal_uart.o(.text.UART_WaitOnFlagUntilTimeout)
    [Anonymous Symbol]                       0x08102e98   Section        0  usart.o(.text.USART1_Config)
    [Anonymous Symbol]                       0x08102ed0   Section        0  usart.o(.text.Uart4_SendString)
    [Anonymous Symbol]                       0x08102f10   Section        0  stm32h7xx_it.o(.text.UsageFault_Handler)
    __NVIC_EnableIRQ                         0x08102f19   Thumb Code    32  stm32h7xx_hal_cortex.o(.text.__NVIC_EnableIRQ)
    [Anonymous Symbol]                       0x08102f18   Section        0  stm32h7xx_hal_cortex.o(.text.__NVIC_EnableIRQ)
    __NVIC_SetPriority                       0x08102f39   Thumb Code    34  stm32h7xx_hal_cortex.o(.text.__NVIC_SetPriority)
    [Anonymous Symbol]                       0x08102f38   Section        0  stm32h7xx_hal_cortex.o(.text.__NVIC_SetPriority)
    __NVIC_SetPriorityGrouping               0x08102f61   Thumb Code    32  stm32h7xx_hal_cortex.o(.text.__NVIC_SetPriorityGrouping)
    [Anonymous Symbol]                       0x08102f60   Section        0  stm32h7xx_hal_cortex.o(.text.__NVIC_SetPriorityGrouping)
    [Anonymous Symbol]                       0x08102f80   Section        0  main.o(.text.assert_failed)
    [Anonymous Symbol]                       0x08102fd8   Section        0  crc.o(.text.crc16_ccitt_false)
    [Anonymous Symbol]                       0x08103030   Section        0  crc.o(.text.crc16_init)
    [Anonymous Symbol]                       0x08103078   Section        0  usart.o(.text.fputc)
    [Anonymous Symbol]                       0x08103098   Section        0  command_analyse.o(.text.pindoard_reply_to_pc)
    _printf_core                             0x081030fd   Thumb Code   996  printf8.o(i._printf_core)
    i._printf_core                           0x081030fc   Section        0  printf8.o(i._printf_core)
    CvtEltSize                               0x0810350c   Data          19  stm32h7xx_hal_fdcan.o(.rodata.CvtEltSize)
    [Anonymous Symbol]                       0x0810350c   Section        0  stm32h7xx_hal_fdcan.o(.rodata.CvtEltSize)
    UARTPrescTable                           0x08103530   Data          24  stm32h7xx_hal_uart.o(.rodata.UARTPrescTable)
    [Anonymous Symbol]                       0x08103530   Section        0  stm32h7xx_hal_uart.o(.rodata.UARTPrescTable)
    DLCtoBytes                               0x08103548   Data          16  stm32h7xx_hal_fdcan.o(.rodata.cst16)
    [Anonymous Symbol]                       0x08103548   Section        0  stm32h7xx_hal_fdcan.o(.rodata.cst16)
    .L.str                                   0x08103558   Data          63  stm32h7xx_hal_fdcan.o(.rodata.str1.1)
    [Anonymous Symbol]                       0x08103558   Section        0  stm32h7xx_hal_fdcan.o(.rodata.str1.1)
    .L.str                                   0x08103597   Data          62  stm32h7xx_hal_gpio.o(.rodata.str1.1)
    [Anonymous Symbol]                       0x08103597   Section        0  stm32h7xx_hal_gpio.o(.rodata.str1.1)
    .L.str                                   0x081035d5   Data          61  stm32h7xx_hal_rcc.o(.rodata.str1.1)
    [Anonymous Symbol]                       0x081035d5   Section        0  stm32h7xx_hal_rcc.o(.rodata.str1.1)
    .L.str                                   0x08103612   Data          62  stm32h7xx_hal_uart.o(.rodata.str1.1)
    [Anonymous Symbol]                       0x08103612   Section        0  stm32h7xx_hal_uart.o(.rodata.str1.1)
    .L.str                                   0x08103650   Data          78  usart.o(.rodata.str1.1)
    [Anonymous Symbol]                       0x08103650   Section        0  usart.o(.rodata.str1.1)
    .L.str.1                                 0x0810369e   Data          25  usart.o(.rodata.str1.1)
    .data                                    0x24000000   Section        4  stdout.o(.data)
    uwTickFreq                               0x2400000c   Data           1  stm32h7xx_hal.o(.data.uwTickFreq)
    [Anonymous Symbol]                       0x2400000c   Section        0  stm32h7xx_hal.o(.data.uwTickFreq)
    uwTickPrio                               0x24000010   Data           4  stm32h7xx_hal.o(.data.uwTickPrio)
    [Anonymous Symbol]                       0x24000010   Section        0  stm32h7xx_hal.o(.data.uwTickPrio)
    crc16_table                              0x24000534   Data         512  crc.o(.bss.crc16_table)
    [Anonymous Symbol]                       0x24000534   Section        0  crc.o(.bss.crc16_table)
    fac_us                                   0x240007b4   Data           4  delay.o(.bss.fac_us)
    [Anonymous Symbol]                       0x240007b4   Section        0  delay.o(.bss.fac_us)
    fdcan1_receive_count                     0x240007b8   Data           1  fdcan.o(.bss.fdcan1_receive_count)
    [Anonymous Symbol]                       0x240007b8   Section        0  fdcan.o(.bss.fdcan1_receive_count)
    fdcan1_rxdata                            0x240007bc   Data         256  fdcan.o(.bss.fdcan1_rxdata)
    [Anonymous Symbol]                       0x240007bc   Section        0  fdcan.o(.bss.fdcan1_rxdata)
    huart4_error_cnt                         0x2400099c   Data           1  usart.o(.bss.huart4_error_cnt)
    [Anonymous Symbol]                       0x2400099c   Section        0  usart.o(.bss.huart4_error_cnt)
    usart4_rx_len                            0x24000a54   Data           2  usart.o(.bss.usart4_rx_len)
    [Anonymous Symbol]                       0x24000a54   Section        0  usart.o(.bss.usart4_rx_len)
    usart4_rxbuffer                          0x24000a58   Data         128  usart.o(.bss.usart4_rxbuffer)
    [Anonymous Symbol]                       0x24000a58   Section        0  usart.o(.bss.usart4_rxbuffer)
    uwTick                                   0x24000ad8   Data           4  stm32h7xx_hal.o(.bss.uwTick)
    [Anonymous Symbol]                       0x24000ad8   Section        0  stm32h7xx_hal.o(.bss.uwTick)
    STACK                                    0x24000ae0   Section     1024  startup_stm32h743xx.o(STACK)

    Global Symbols

    Symbol Name                              Value     Ov Type        Size  Object(Section)

    BuildAttributes$$THM_ISAv4$E$P$D$K$B$S$7EM$VFPv5_D16$PE$PLD8$A:L22UL41UL21$X:L11$S22US41US21$IEEE1$IW$~IW$USESV6$~STKCKD$USESV7$~SHL$OTIME$ROPI$EBA8$MICROLIB$REQ8$PRES8$EABIv2 0x00000000   Number         0  anon$$obj.o ABSOLUTE
    _printf_a                                0x00000000   Number         0  printfstubs.o ABSOLUTE
    _printf_c                                0x00000000   Number         0  printfstubs.o ABSOLUTE
    _printf_charcount                        0x00000000   Number         0  printfstubs.o ABSOLUTE
    _printf_d                                0x00000000   Number         0  printfstubs.o ABSOLUTE
    _printf_e                                0x00000000   Number         0  printfstubs.o ABSOLUTE
    _printf_f                                0x00000000   Number         0  printfstubs.o ABSOLUTE
    _printf_flags                            0x00000000   Number         0  printfstubs.o ABSOLUTE
    _printf_fp_dec                           0x00000000   Number         0  printfstubs.o ABSOLUTE
    _printf_fp_hex                           0x00000000   Number         0  printfstubs.o ABSOLUTE
    _printf_g                                0x00000000   Number         0  printfstubs.o ABSOLUTE
    _printf_i                                0x00000000   Number         0  printfstubs.o ABSOLUTE
    _printf_int_dec                          0x00000000   Number         0  printfstubs.o ABSOLUTE
    _printf_l                                0x00000000   Number         0  printfstubs.o ABSOLUTE
    _printf_lc                               0x00000000   Number         0  printfstubs.o ABSOLUTE
    _printf_ll                               0x00000000   Number         0  printfstubs.o ABSOLUTE
    _printf_lld                              0x00000000   Number         0  printfstubs.o ABSOLUTE
    _printf_lli                              0x00000000   Number         0  printfstubs.o ABSOLUTE
    _printf_llo                              0x00000000   Number         0  printfstubs.o ABSOLUTE
    _printf_llu                              0x00000000   Number         0  printfstubs.o ABSOLUTE
    _printf_llx                              0x00000000   Number         0  printfstubs.o ABSOLUTE
    _printf_longlong_dec                     0x00000000   Number         0  printfstubs.o ABSOLUTE
    _printf_longlong_hex                     0x00000000   Number         0  printfstubs.o ABSOLUTE
    _printf_longlong_oct                     0x00000000   Number         0  printfstubs.o ABSOLUTE
    _printf_ls                               0x00000000   Number         0  printfstubs.o ABSOLUTE
    _printf_mbtowc                           0x00000000   Number         0  printfstubs.o ABSOLUTE
    _printf_n                                0x00000000   Number         0  printfstubs.o ABSOLUTE
    _printf_o                                0x00000000   Number         0  printfstubs.o ABSOLUTE
    _printf_p                                0x00000000   Number         0  printfstubs.o ABSOLUTE
    _printf_percent                          0x00000000   Number         0  printfstubs.o ABSOLUTE
    _printf_pre_padding                      0x00000000   Number         0  printfstubs.o ABSOLUTE
    _printf_return_value                     0x00000000   Number         0  printfstubs.o ABSOLUTE
    _printf_s                                0x00000000   Number         0  printfstubs.o ABSOLUTE
    _printf_sizespec                         0x00000000   Number         0  printfstubs.o ABSOLUTE
    _printf_str                              0x00000000   Number         0  printfstubs.o ABSOLUTE
    _printf_truncate_signed                  0x00000000   Number         0  printfstubs.o ABSOLUTE
    _printf_truncate_unsigned                0x00000000   Number         0  printfstubs.o ABSOLUTE
    _printf_u                                0x00000000   Number         0  printfstubs.o ABSOLUTE
    _printf_wc                               0x00000000   Number         0  printfstubs.o ABSOLUTE
    _printf_wctomb                           0x00000000   Number         0  printfstubs.o ABSOLUTE
    _printf_widthprec                        0x00000000   Number         0  printfstubs.o ABSOLUTE
    _printf_x                                0x00000000   Number         0  printfstubs.o ABSOLUTE
    __cpp_initialize__aeabi_                  - Undefined Weak Reference
    __cxa_finalize                            - Undefined Weak Reference
    __decompress                              - Undefined Weak Reference
    _clock_init                               - Undefined Weak Reference
    _microlib_exit                            - Undefined Weak Reference
    __Vectors_Size                           0x00000298   Number         0  startup_stm32h743xx.o ABSOLUTE
    __Vectors                                0x08000000   Data           4  startup_stm32h743xx.o(RESET)
    __Vectors_End                            0x08000298   Data           0  startup_stm32h743xx.o(RESET)
    __main                                   0x08000299   Thumb Code     0  entry.o(.ARM.Collect$$$$00000000)
    _main_stk                                0x08000299   Thumb Code     0  entry2.o(.ARM.Collect$$$$00000001)
    _main_scatterload                        0x0800029d   Thumb Code     0  entry5.o(.ARM.Collect$$$$00000004)
    __main_after_scatterload                 0x080002a1   Thumb Code     0  entry5.o(.ARM.Collect$$$$00000004)
    _main_clock                              0x080002a1   Thumb Code     0  entry7b.o(.ARM.Collect$$$$00000008)
    _main_cpp_init                           0x080002a1   Thumb Code     0  entry8b.o(.ARM.Collect$$$$0000000A)
    _main_init                               0x080002a1   Thumb Code     0  entry9a.o(.ARM.Collect$$$$0000000B)
    __rt_final_cpp                           0x080002a9   Thumb Code     0  entry10a.o(.ARM.Collect$$$$0000000D)
    __rt_final_exit                          0x080002a9   Thumb Code     0  entry11a.o(.ARM.Collect$$$$0000000F)
    __aeabi_uldivmod                         0x080002ad   Thumb Code    98  uldiv.o(.text)
    __aeabi_memcpy                           0x0800030f   Thumb Code    36  memcpya.o(.text)
    __aeabi_memcpy4                          0x0800030f   Thumb Code     0  memcpya.o(.text)
    __aeabi_memcpy8                          0x0800030f   Thumb Code     0  memcpya.o(.text)
    __aeabi_llsl                             0x08000333   Thumb Code    30  llshl.o(.text)
    _ll_shift_l                              0x08000333   Thumb Code     0  llshl.o(.text)
    __scatterload                            0x08000351   Thumb Code    28  init.o(.text)
    __scatterload_rt2                        0x08000351   Thumb Code     0  init.o(.text)
    BusFault_Handler                         0x08000379   Thumb Code     2  stm32h7xx_it.o(.text.BusFault_Handler)
    Error_Handler                            0x08000381   Thumb Code    10  main.o(.text.Error_Handler)
    FDCAN1_IT0_IRQHandler                    0x08000391   Thumb Code    16  stm32h7xx_it.o(.text.FDCAN1_IT0_IRQHandler)
    FDCAN1_Init                              0x080003a1   Thumb Code   220  fdcan.o(.text.FDCAN1_Init)
    FDCAN1_Send_Msg                          0x080004a1   Thumb Code   272  fdcan.o(.text.FDCAN1_Send_Msg)
    HAL_FDCAN_AddMessageToTxFifoQ            0x08000659   Thumb Code   366  stm32h7xx_hal_fdcan.o(.text.HAL_FDCAN_AddMessageToTxFifoQ)
    HAL_FDCAN_ClockCalibrationCallback       0x080007c9   Thumb Code     2  stm32h7xx_hal_fdcan.o(.text.HAL_FDCAN_ClockCalibrationCallback)
    HAL_FDCAN_ConfigFilter                   0x080007d1   Thumb Code   446  stm32h7xx_hal_fdcan.o(.text.HAL_FDCAN_ConfigFilter)
    HAL_FDCAN_ErrorCallback                  0x08000991   Thumb Code     2  stm32h7xx_hal_fdcan.o(.text.HAL_FDCAN_ErrorCallback)
    HAL_FDCAN_IRQHandler                     0x08000999   Thumb Code  1046  stm32h7xx_hal_fdcan.o(.text.HAL_FDCAN_IRQHandler)
    HAL_FDCAN_MspInit                        0x08000db1   Thumb Code   172  fdcan.o(.text.HAL_FDCAN_MspInit)
    HAL_FDCAN_RxFifo0Callback                0x08000e61   Thumb Code   234  fdcan.o(.text.HAL_FDCAN_RxFifo0Callback)
    HAL_FDCAN_RxFifo1Callback                0x08000f51   Thumb Code     2  stm32h7xx_hal_fdcan.o(.text.HAL_FDCAN_RxFifo1Callback)
    HAL_FDCAN_TT_ScheduleSyncCallback        0x08000f59   Thumb Code     2  stm32h7xx_hal_fdcan.o(.text.HAL_FDCAN_TT_ScheduleSyncCallback)
    HAL_FDCAN_TT_StopWatchCallback           0x08000f61   Thumb Code     2  stm32h7xx_hal_fdcan.o(.text.HAL_FDCAN_TT_StopWatchCallback)
    HAL_FDCAN_TimestampWraparoundCallback    0x08000f69   Thumb Code     2  stm32h7xx_hal_fdcan.o(.text.HAL_FDCAN_TimestampWraparoundCallback)
    HAL_FDCAN_TxBufferCompleteCallback       0x08000f71   Thumb Code     2  stm32h7xx_hal_fdcan.o(.text.HAL_FDCAN_TxBufferCompleteCallback)
    HAL_GPIO_Init                            0x08000f79   Thumb Code   620  stm32h7xx_hal_gpio.o(.text.HAL_GPIO_Init)
    HAL_IWDG_Refresh                         0x080011e9   Thumb Code    12  stm32h7xx_hal_iwdg.o(.text.HAL_IWDG_Refresh)
    HAL_Init                                 0x080011f9   Thumb Code    30  stm32h7xx_hal.o(.text.HAL_Init)
    HAL_InitTick                             0x08001219   Thumb Code    80  stm32h7xx_hal.o(.text.HAL_InitTick)
    HAL_NVIC_EnableIRQ                       0x08001269   Thumb Code    32  stm32h7xx_hal_cortex.o(.text.HAL_NVIC_EnableIRQ)
    HAL_NVIC_SetPriority                     0x08001289   Thumb Code    66  stm32h7xx_hal_cortex.o(.text.HAL_NVIC_SetPriority)
    HAL_NVIC_SetPriorityGrouping             0x080012d1   Thumb Code    32  stm32h7xx_hal_cortex.o(.text.HAL_NVIC_SetPriorityGrouping)
    HAL_RCCEx_GetD1SysClockFreq              0x080012f1   Thumb Code    58  stm32h7xx_hal_rcc_ex.o(.text.HAL_RCCEx_GetD1SysClockFreq)
    HAL_RCCEx_GetPLL2ClockFreq               0x08001331   Thumb Code   240  stm32h7xx_hal_rcc_ex.o(.text.HAL_RCCEx_GetPLL2ClockFreq)
    HAL_RCC_ClockConfig                      0x08001421   Thumb Code   842  stm32h7xx_hal_rcc.o(.text.HAL_RCC_ClockConfig)
    HAL_RCC_GetHCLKFreq                      0x08001771   Thumb Code    56  stm32h7xx_hal_rcc.o(.text.HAL_RCC_GetHCLKFreq)
    HAL_RCC_GetPCLK1Freq                     0x080017a9   Thumb Code    46  stm32h7xx_hal_rcc.o(.text.HAL_RCC_GetPCLK1Freq)
    HAL_RCC_GetPCLK2Freq                     0x080017d9   Thumb Code    48  stm32h7xx_hal_rcc.o(.text.HAL_RCC_GetPCLK2Freq)
    HAL_RCC_GetSysClockFreq                  0x08001809   Thumb Code   228  stm32h7xx_hal_rcc.o(.text.HAL_RCC_GetSysClockFreq)
    HAL_RCC_OscConfig                        0x080018f1   Thumb Code  1566  stm32h7xx_hal_rcc.o(.text.HAL_RCC_OscConfig)
    HAL_SYSTICK_CLKSourceConfig              0x08001f11   Thumb Code    52  stm32h7xx_hal_cortex.o(.text.HAL_SYSTICK_CLKSourceConfig)
    HAL_SYSTICK_Config                       0x08001f49   Thumb Code     8  stm32h7xx_hal_cortex.o(.text.HAL_SYSTICK_Config)
    HAL_TIMEx_BreakCallback                  0x08001f51   Thumb Code     2  stm32h7xx_hal_tim_ex.o(.text.HAL_TIMEx_BreakCallback)
    HAL_TIM_IRQHandler                       0x08001f59   Thumb Code   392  stm32h7xx_hal_tim.o(.text.HAL_TIM_IRQHandler)
    HAL_TIM_OC_DelayElapsedCallback          0x080020e1   Thumb Code     2  stm32h7xx_hal_tim.o(.text.HAL_TIM_OC_DelayElapsedCallback)
    HAL_TIM_PeriodElapsedCallback            0x080020e9   Thumb Code    80  tim.o(.text.HAL_TIM_PeriodElapsedCallback)
    HAL_TIM_TriggerCallback                  0x08002139   Thumb Code     2  stm32h7xx_hal_tim.o(.text.HAL_TIM_TriggerCallback)
    HAL_UARTEx_WakeupCallback                0x08002141   Thumb Code     2  stm32h7xx_hal_uart_ex.o(.text.HAL_UARTEx_WakeupCallback)
    HAL_UART_IRQHandler                      0x08002149   Thumb Code   378  stm32h7xx_hal_uart.o(.text.HAL_UART_IRQHandler)
    HAL_UART_Transmit                        0x080022c9   Thumb Code   200  stm32h7xx_hal_uart.o(.text.HAL_UART_Transmit)
    HAL_UART_TxCpltCallback                  0x08002391   Thumb Code     2  stm32h7xx_hal_uart.o(.text.HAL_UART_TxCpltCallback)
    HardFault_Handler                        0x08002399   Thumb Code     2  stm32h7xx_it.o(.text.HardFault_Handler)
    IWDG_Feed                                0x080023a1   Thumb Code    16  iwdg.o(.text.IWDG_Feed)
    IWDG_Init                                0x080023b1   Thumb Code    48  iwdg.o(.text.IWDG_Init)
    PendSV_Handler                           0x08002411   Thumb Code     2  stm32h7xx_it.o(.text.PendSV_Handler)
    RBC_Ending_Chapter                       0x08002419   Thumb Code    62  ring_buffer_chapter.o(.text.RBC_Ending_Chapter)
    RBC_Read_Chapter                         0x08002459   Thumb Code    68  ring_buffer_chapter.o(.text.RBC_Read_Chapter)
    RB_Get_FreeSize                          0x080024a1   Thumb Code     8  ring_buffer.o(.text.RB_Get_FreeSize)
    RB_Read_String                           0x080024a9   Thumb Code   112  ring_buffer.o(.text.RB_Read_String)
    SVC_Handler                              0x08002659   Thumb Code     2  stm32h7xx_it.o(.text.SVC_Handler)
    SystemInit                               0x08002661   Thumb Code   108  system_stm32h7xx.o(.text.SystemInit)
    TIM6_Init                                0x080026d1   Thumb Code    48  tim.o(.text.TIM6_Init)
    TIM6_Stop                                0x08002701   Thumb Code    22  tim.o(.text.TIM6_Stop)
    TIM_Base_SetConfig                       0x08002719   Thumb Code   314  stm32h7xx_hal_tim.o(.text.TIM_Base_SetConfig)
    UART_CheckIdleState                      0x08002859   Thumb Code   102  stm32h7xx_hal_uart.o(.text.UART_CheckIdleState)
    UART_SetConfig                           0x08002989   Thumb Code  2370  stm32h7xx_hal_uart.o(.text.UART_SetConfig)
    delay_init                               0x080032e1   Thumb Code    22  delay.o(.text.delay_init)
    main                                     0x080032f9   Thumb Code   108  main.o(.text.main)
    pc_to_pinboard_command_analyse           0x08003391   Thumb Code   182  command_analyse.o(.text.pc_to_pinboard_command_analyse)
    __0printf$8                              0x080034c5   Thumb Code    22  printf8.o(i.__0printf$8)
    __1printf$8                              0x080034c5   Thumb Code     0  printf8.o(i.__0printf$8)
    __2printf                                0x080034c5   Thumb Code     0  printf8.o(i.__0printf$8)
    __scatterload_copy                       0x080034e5   Thumb Code    14  handlers.o(i.__scatterload_copy)
    __scatterload_null                       0x080034f3   Thumb Code     2  handlers.o(i.__scatterload_null)
    __scatterload_zeroinit                   0x080034f5   Thumb Code    14  handlers.o(i.__scatterload_zeroinit)
    Region$$Table$$Base                      0x080036d0   Number         0  anon$$obj.o(Region$$Table)
    Region$$Table$$Limit                     0x080036f0   Number         0  anon$$obj.o(Region$$Table)
    Reset_Handler                            0x08100001   Thumb Code     8  startup_stm32h743xx.o(.text)
    ADC3_IRQHandler                          0x0810001b   Thumb Code     0  startup_stm32h743xx.o(.text)
    ADC_IRQHandler                           0x0810001b   Thumb Code     0  startup_stm32h743xx.o(.text)
    BDMA_Channel0_IRQHandler                 0x0810001b   Thumb Code     0  startup_stm32h743xx.o(.text)
    BDMA_Channel1_IRQHandler                 0x0810001b   Thumb Code     0  startup_stm32h743xx.o(.text)
    BDMA_Channel2_IRQHandler                 0x0810001b   Thumb Code     0  startup_stm32h743xx.o(.text)
    BDMA_Channel3_IRQHandler                 0x0810001b   Thumb Code     0  startup_stm32h743xx.o(.text)
    BDMA_Channel4_IRQHandler                 0x0810001b   Thumb Code     0  startup_stm32h743xx.o(.text)
    BDMA_Channel5_IRQHandler                 0x0810001b   Thumb Code     0  startup_stm32h743xx.o(.text)
    BDMA_Channel6_IRQHandler                 0x0810001b   Thumb Code     0  startup_stm32h743xx.o(.text)
    BDMA_Channel7_IRQHandler                 0x0810001b   Thumb Code     0  startup_stm32h743xx.o(.text)
    CEC_IRQHandler                           0x0810001b   Thumb Code     0  startup_stm32h743xx.o(.text)
    COMP1_IRQHandler                         0x0810001b   Thumb Code     0  startup_stm32h743xx.o(.text)
    CRS_IRQHandler                           0x0810001b   Thumb Code     0  startup_stm32h743xx.o(.text)
    DCMI_IRQHandler                          0x0810001b   Thumb Code     0  startup_stm32h743xx.o(.text)
    DFSDM1_FLT0_IRQHandler                   0x0810001b   Thumb Code     0  startup_stm32h743xx.o(.text)
    DFSDM1_FLT1_IRQHandler                   0x0810001b   Thumb Code     0  startup_stm32h743xx.o(.text)
    DFSDM1_FLT2_IRQHandler                   0x0810001b   Thumb Code     0  startup_stm32h743xx.o(.text)
    DFSDM1_FLT3_IRQHandler                   0x0810001b   Thumb Code     0  startup_stm32h743xx.o(.text)
    DMA1_Stream0_IRQHandler                  0x0810001b   Thumb Code     0  startup_stm32h743xx.o(.text)
    DMA1_Stream1_IRQHandler                  0x0810001b   Thumb Code     0  startup_stm32h743xx.o(.text)
    DMA1_Stream2_IRQHandler                  0x0810001b   Thumb Code     0  startup_stm32h743xx.o(.text)
    DMA1_Stream3_IRQHandler                  0x0810001b   Thumb Code     0  startup_stm32h743xx.o(.text)
    DMA1_Stream4_IRQHandler                  0x0810001b   Thumb Code     0  startup_stm32h743xx.o(.text)
    DMA1_Stream5_IRQHandler                  0x0810001b   Thumb Code     0  startup_stm32h743xx.o(.text)
    DMA1_Stream6_IRQHandler                  0x0810001b   Thumb Code     0  startup_stm32h743xx.o(.text)
    DMA1_Stream7_IRQHandler                  0x0810001b   Thumb Code     0  startup_stm32h743xx.o(.text)
    DMA2D_IRQHandler                         0x0810001b   Thumb Code     0  startup_stm32h743xx.o(.text)
    DMA2_Stream0_IRQHandler                  0x0810001b   Thumb Code     0  startup_stm32h743xx.o(.text)
    DMA2_Stream1_IRQHandler                  0x0810001b   Thumb Code     0  startup_stm32h743xx.o(.text)
    DMA2_Stream2_IRQHandler                  0x0810001b   Thumb Code     0  startup_stm32h743xx.o(.text)
    DMA2_Stream3_IRQHandler                  0x0810001b   Thumb Code     0  startup_stm32h743xx.o(.text)
    DMA2_Stream4_IRQHandler                  0x0810001b   Thumb Code     0  startup_stm32h743xx.o(.text)
    DMA2_Stream5_IRQHandler                  0x0810001b   Thumb Code     0  startup_stm32h743xx.o(.text)
    DMA2_Stream6_IRQHandler                  0x0810001b   Thumb Code     0  startup_stm32h743xx.o(.text)
    DMA2_Stream7_IRQHandler                  0x0810001b   Thumb Code     0  startup_stm32h743xx.o(.text)
    DMAMUX1_OVR_IRQHandler                   0x0810001b   Thumb Code     0  startup_stm32h743xx.o(.text)
    DMAMUX2_OVR_IRQHandler                   0x0810001b   Thumb Code     0  startup_stm32h743xx.o(.text)
    ETH_IRQHandler                           0x0810001b   Thumb Code     0  startup_stm32h743xx.o(.text)
    ETH_WKUP_IRQHandler                      0x0810001b   Thumb Code     0  startup_stm32h743xx.o(.text)
    EXTI0_IRQHandler                         0x0810001b   Thumb Code     0  startup_stm32h743xx.o(.text)
    EXTI15_10_IRQHandler                     0x0810001b   Thumb Code     0  startup_stm32h743xx.o(.text)
    EXTI1_IRQHandler                         0x0810001b   Thumb Code     0  startup_stm32h743xx.o(.text)
    EXTI2_IRQHandler                         0x0810001b   Thumb Code     0  startup_stm32h743xx.o(.text)
    EXTI3_IRQHandler                         0x0810001b   Thumb Code     0  startup_stm32h743xx.o(.text)
    EXTI4_IRQHandler                         0x0810001b   Thumb Code     0  startup_stm32h743xx.o(.text)
    EXTI9_5_IRQHandler                       0x0810001b   Thumb Code     0  startup_stm32h743xx.o(.text)
    FDCAN1_IT1_IRQHandler                    0x0810001b   Thumb Code     0  startup_stm32h743xx.o(.text)
    FDCAN2_IT0_IRQHandler                    0x0810001b   Thumb Code     0  startup_stm32h743xx.o(.text)
    FDCAN2_IT1_IRQHandler                    0x0810001b   Thumb Code     0  startup_stm32h743xx.o(.text)
    FDCAN_CAL_IRQHandler                     0x0810001b   Thumb Code     0  startup_stm32h743xx.o(.text)
    FLASH_IRQHandler                         0x0810001b   Thumb Code     0  startup_stm32h743xx.o(.text)
    FMC_IRQHandler                           0x0810001b   Thumb Code     0  startup_stm32h743xx.o(.text)
    FPU_IRQHandler                           0x0810001b   Thumb Code     0  startup_stm32h743xx.o(.text)
    HRTIM1_FLT_IRQHandler                    0x0810001b   Thumb Code     0  startup_stm32h743xx.o(.text)
    HRTIM1_Master_IRQHandler                 0x0810001b   Thumb Code     0  startup_stm32h743xx.o(.text)
    HRTIM1_TIMA_IRQHandler                   0x0810001b   Thumb Code     0  startup_stm32h743xx.o(.text)
    HRTIM1_TIMB_IRQHandler                   0x0810001b   Thumb Code     0  startup_stm32h743xx.o(.text)
    HRTIM1_TIMC_IRQHandler                   0x0810001b   Thumb Code     0  startup_stm32h743xx.o(.text)
    HRTIM1_TIMD_IRQHandler                   0x0810001b   Thumb Code     0  startup_stm32h743xx.o(.text)
    HRTIM1_TIME_IRQHandler                   0x0810001b   Thumb Code     0  startup_stm32h743xx.o(.text)
    HSEM1_IRQHandler                         0x0810001b   Thumb Code     0  startup_stm32h743xx.o(.text)
    I2C1_ER_IRQHandler                       0x0810001b   Thumb Code     0  startup_stm32h743xx.o(.text)
    I2C1_EV_IRQHandler                       0x0810001b   Thumb Code     0  startup_stm32h743xx.o(.text)
    I2C2_ER_IRQHandler                       0x0810001b   Thumb Code     0  startup_stm32h743xx.o(.text)
    I2C2_EV_IRQHandler                       0x0810001b   Thumb Code     0  startup_stm32h743xx.o(.text)
    I2C3_ER_IRQHandler                       0x0810001b   Thumb Code     0  startup_stm32h743xx.o(.text)
    I2C3_EV_IRQHandler                       0x0810001b   Thumb Code     0  startup_stm32h743xx.o(.text)
    I2C4_ER_IRQHandler                       0x0810001b   Thumb Code     0  startup_stm32h743xx.o(.text)
    I2C4_EV_IRQHandler                       0x0810001b   Thumb Code     0  startup_stm32h743xx.o(.text)
    JPEG_IRQHandler                          0x0810001b   Thumb Code     0  startup_stm32h743xx.o(.text)
    LPTIM1_IRQHandler                        0x0810001b   Thumb Code     0  startup_stm32h743xx.o(.text)
    LPTIM2_IRQHandler                        0x0810001b   Thumb Code     0  startup_stm32h743xx.o(.text)
    LPTIM3_IRQHandler                        0x0810001b   Thumb Code     0  startup_stm32h743xx.o(.text)
    LPTIM4_IRQHandler                        0x0810001b   Thumb Code     0  startup_stm32h743xx.o(.text)
    LPTIM5_IRQHandler                        0x0810001b   Thumb Code     0  startup_stm32h743xx.o(.text)
    LPUART1_IRQHandler                       0x0810001b   Thumb Code     0  startup_stm32h743xx.o(.text)
    LTDC_ER_IRQHandler                       0x0810001b   Thumb Code     0  startup_stm32h743xx.o(.text)
    LTDC_IRQHandler                          0x0810001b   Thumb Code     0  startup_stm32h743xx.o(.text)
    MDIOS_IRQHandler                         0x0810001b   Thumb Code     0  startup_stm32h743xx.o(.text)
    MDIOS_WKUP_IRQHandler                    0x0810001b   Thumb Code     0  startup_stm32h743xx.o(.text)
    MDMA_IRQHandler                          0x0810001b   Thumb Code     0  startup_stm32h743xx.o(.text)
    OTG_FS_EP1_IN_IRQHandler                 0x0810001b   Thumb Code     0  startup_stm32h743xx.o(.text)
    OTG_FS_EP1_OUT_IRQHandler                0x0810001b   Thumb Code     0  startup_stm32h743xx.o(.text)
    OTG_FS_IRQHandler                        0x0810001b   Thumb Code     0  startup_stm32h743xx.o(.text)
    OTG_FS_WKUP_IRQHandler                   0x0810001b   Thumb Code     0  startup_stm32h743xx.o(.text)
    OTG_HS_EP1_IN_IRQHandler                 0x0810001b   Thumb Code     0  startup_stm32h743xx.o(.text)
    OTG_HS_EP1_OUT_IRQHandler                0x0810001b   Thumb Code     0  startup_stm32h743xx.o(.text)
    OTG_HS_IRQHandler                        0x0810001b   Thumb Code     0  startup_stm32h743xx.o(.text)
    OTG_HS_WKUP_IRQHandler                   0x0810001b   Thumb Code     0  startup_stm32h743xx.o(.text)
    PVD_AVD_IRQHandler                       0x0810001b   Thumb Code     0  startup_stm32h743xx.o(.text)
    QUADSPI_IRQHandler                       0x0810001b   Thumb Code     0  startup_stm32h743xx.o(.text)
    RCC_IRQHandler                           0x0810001b   Thumb Code     0  startup_stm32h743xx.o(.text)
    RNG_IRQHandler                           0x0810001b   Thumb Code     0  startup_stm32h743xx.o(.text)
    RTC_Alarm_IRQHandler                     0x0810001b   Thumb Code     0  startup_stm32h743xx.o(.text)
    RTC_WKUP_IRQHandler                      0x0810001b   Thumb Code     0  startup_stm32h743xx.o(.text)
    SAI1_IRQHandler                          0x0810001b   Thumb Code     0  startup_stm32h743xx.o(.text)
    SAI2_IRQHandler                          0x0810001b   Thumb Code     0  startup_stm32h743xx.o(.text)
    SAI3_IRQHandler                          0x0810001b   Thumb Code     0  startup_stm32h743xx.o(.text)
    SAI4_IRQHandler                          0x0810001b   Thumb Code     0  startup_stm32h743xx.o(.text)
    SDMMC1_IRQHandler                        0x0810001b   Thumb Code     0  startup_stm32h743xx.o(.text)
    SDMMC2_IRQHandler                        0x0810001b   Thumb Code     0  startup_stm32h743xx.o(.text)
    SPDIF_RX_IRQHandler                      0x0810001b   Thumb Code     0  startup_stm32h743xx.o(.text)
    SPI1_IRQHandler                          0x0810001b   Thumb Code     0  startup_stm32h743xx.o(.text)
    SPI2_IRQHandler                          0x0810001b   Thumb Code     0  startup_stm32h743xx.o(.text)
    SPI3_IRQHandler                          0x0810001b   Thumb Code     0  startup_stm32h743xx.o(.text)
    SPI4_IRQHandler                          0x0810001b   Thumb Code     0  startup_stm32h743xx.o(.text)
    SPI5_IRQHandler                          0x0810001b   Thumb Code     0  startup_stm32h743xx.o(.text)
    SPI6_IRQHandler                          0x0810001b   Thumb Code     0  startup_stm32h743xx.o(.text)
    SWPMI1_IRQHandler                        0x0810001b   Thumb Code     0  startup_stm32h743xx.o(.text)
    TAMP_STAMP_IRQHandler                    0x0810001b   Thumb Code     0  startup_stm32h743xx.o(.text)
    TIM15_IRQHandler                         0x0810001b   Thumb Code     0  startup_stm32h743xx.o(.text)
    TIM16_IRQHandler                         0x0810001b   Thumb Code     0  startup_stm32h743xx.o(.text)
    TIM17_IRQHandler                         0x0810001b   Thumb Code     0  startup_stm32h743xx.o(.text)
    TIM1_BRK_IRQHandler                      0x0810001b   Thumb Code     0  startup_stm32h743xx.o(.text)
    TIM1_CC_IRQHandler                       0x0810001b   Thumb Code     0  startup_stm32h743xx.o(.text)
    TIM1_TRG_COM_IRQHandler                  0x0810001b   Thumb Code     0  startup_stm32h743xx.o(.text)
    TIM1_UP_IRQHandler                       0x0810001b   Thumb Code     0  startup_stm32h743xx.o(.text)
    TIM2_IRQHandler                          0x0810001b   Thumb Code     0  startup_stm32h743xx.o(.text)
    TIM3_IRQHandler                          0x0810001b   Thumb Code     0  startup_stm32h743xx.o(.text)
    TIM4_IRQHandler                          0x0810001b   Thumb Code     0  startup_stm32h743xx.o(.text)
    TIM5_IRQHandler                          0x0810001b   Thumb Code     0  startup_stm32h743xx.o(.text)
    TIM7_IRQHandler                          0x0810001b   Thumb Code     0  startup_stm32h743xx.o(.text)
    TIM8_BRK_TIM12_IRQHandler                0x0810001b   Thumb Code     0  startup_stm32h743xx.o(.text)
    TIM8_CC_IRQHandler                       0x0810001b   Thumb Code     0  startup_stm32h743xx.o(.text)
    TIM8_TRG_COM_TIM14_IRQHandler            0x0810001b   Thumb Code     0  startup_stm32h743xx.o(.text)
    TIM8_UP_TIM13_IRQHandler                 0x0810001b   Thumb Code     0  startup_stm32h743xx.o(.text)
    UART5_IRQHandler                         0x0810001b   Thumb Code     0  startup_stm32h743xx.o(.text)
    UART7_IRQHandler                         0x0810001b   Thumb Code     0  startup_stm32h743xx.o(.text)
    UART8_IRQHandler                         0x0810001b   Thumb Code     0  startup_stm32h743xx.o(.text)
    USART1_IRQHandler                        0x0810001b   Thumb Code     0  startup_stm32h743xx.o(.text)
    USART2_IRQHandler                        0x0810001b   Thumb Code     0  startup_stm32h743xx.o(.text)
    USART3_IRQHandler                        0x0810001b   Thumb Code     0  startup_stm32h743xx.o(.text)
    USART6_IRQHandler                        0x0810001b   Thumb Code     0  startup_stm32h743xx.o(.text)
    WAKEUP_PIN_IRQHandler                    0x0810001b   Thumb Code     0  startup_stm32h743xx.o(.text)
    WWDG_IRQHandler                          0x0810001b   Thumb Code     0  startup_stm32h743xx.o(.text)
    __aeabi_memset                           0x08100025   Thumb Code    14  memseta.o(.text)
    __aeabi_memset4                          0x08100025   Thumb Code     0  memseta.o(.text)
    __aeabi_memset8                          0x08100025   Thumb Code     0  memseta.o(.text)
    __aeabi_memclr                           0x08100033   Thumb Code     4  memseta.o(.text)
    __aeabi_memclr4                          0x08100033   Thumb Code     0  memseta.o(.text)
    __aeabi_memclr8                          0x08100033   Thumb Code     0  memseta.o(.text)
    _memset$wrapper                          0x08100037   Thumb Code    18  memseta.o(.text)
    __aeabi_llsr                             0x08100049   Thumb Code    32  llushr.o(.text)
    _ll_ushift_r                             0x08100049   Thumb Code     0  llushr.o(.text)
    Cache_Enable                             0x08100069   Thumb Code    28  sys.o(.text.Cache_Enable)
    DebugMon_Handler                         0x08100089   Thumb Code     2  stm32h7xx_it.o(.text.DebugMon_Handler)
    HAL_DMA_Abort_IT                         0x08100271   Thumb Code   200  stm32h7xx_hal_dma.o(.text.HAL_DMA_Abort_IT)
    HAL_EnableCompensationCell               0x08100339   Thumb Code    18  stm32h7xx_hal.o(.text.HAL_EnableCompensationCell)
    HAL_FDCAN_ActivateNotification           0x08100351   Thumb Code   160  stm32h7xx_hal_fdcan.o(.text.HAL_FDCAN_ActivateNotification)
    HAL_FDCAN_ConfigGlobalFilter             0x081003f1   Thumb Code   150  stm32h7xx_hal_fdcan.o(.text.HAL_FDCAN_ConfigGlobalFilter)
    HAL_FDCAN_GetRxMessage                   0x08100489   Thumb Code   370  stm32h7xx_hal_fdcan.o(.text.HAL_FDCAN_GetRxMessage)
    HAL_FDCAN_HighPriorityMessageCallback    0x08100601   Thumb Code     2  stm32h7xx_hal_fdcan.o(.text.HAL_FDCAN_HighPriorityMessageCallback)
    HAL_FDCAN_Init                           0x08100609   Thumb Code  1202  stm32h7xx_hal_fdcan.o(.text.HAL_FDCAN_Init)
    HAL_FDCAN_RxBufferNewMessageCallback     0x08100ac1   Thumb Code     2  stm32h7xx_hal_fdcan.o(.text.HAL_FDCAN_RxBufferNewMessageCallback)
    HAL_FDCAN_Start                          0x08100ac9   Thumb Code    50  stm32h7xx_hal_fdcan.o(.text.HAL_FDCAN_Start)
    HAL_FDCAN_TT_GlobalTimeCallback          0x08100b01   Thumb Code     2  stm32h7xx_hal_fdcan.o(.text.HAL_FDCAN_TT_GlobalTimeCallback)
    HAL_FDCAN_TT_TimeMarkCallback            0x08100b09   Thumb Code     2  stm32h7xx_hal_fdcan.o(.text.HAL_FDCAN_TT_TimeMarkCallback)
    HAL_FDCAN_TimeoutOccurredCallback        0x08100b11   Thumb Code     2  stm32h7xx_hal_fdcan.o(.text.HAL_FDCAN_TimeoutOccurredCallback)
    HAL_FDCAN_TxBufferAbortCallback          0x08100b19   Thumb Code     2  stm32h7xx_hal_fdcan.o(.text.HAL_FDCAN_TxBufferAbortCallback)
    HAL_FDCAN_TxEventFifoCallback            0x08100b21   Thumb Code     2  stm32h7xx_hal_fdcan.o(.text.HAL_FDCAN_TxEventFifoCallback)
    HAL_FDCAN_TxFifoEmptyCallback            0x08100b29   Thumb Code     2  stm32h7xx_hal_fdcan.o(.text.HAL_FDCAN_TxFifoEmptyCallback)
    HAL_GPIO_WritePin                        0x08100b31   Thumb Code    64  stm32h7xx_hal_gpio.o(.text.HAL_GPIO_WritePin)
    HAL_GetTick                              0x08100b71   Thumb Code    12  stm32h7xx_hal.o(.text.HAL_GetTick)
    HAL_IWDG_Init                            0x08100b81   Thumb Code   176  stm32h7xx_hal_iwdg.o(.text.HAL_IWDG_Init)
    HAL_IncTick                              0x08100c31   Thumb Code    26  stm32h7xx_hal.o(.text.HAL_IncTick)
    HAL_MspInit                              0x08100c51   Thumb Code     2  stm32h7xx_hal_msp.o(.text.HAL_MspInit)
    HAL_RCCEx_GetD3PCLK1Freq                 0x08100c59   Thumb Code    46  stm32h7xx_hal_rcc_ex.o(.text.HAL_RCCEx_GetD3PCLK1Freq)
    HAL_RCCEx_GetPLL3ClockFreq               0x08100c89   Thumb Code   240  stm32h7xx_hal_rcc_ex.o(.text.HAL_RCCEx_GetPLL3ClockFreq)
    HAL_RCCEx_PeriphCLKConfig                0x08100d79   Thumb Code  4076  stm32h7xx_hal_rcc_ex.o(.text.HAL_RCCEx_PeriphCLKConfig)
    HAL_TIMEx_CommutationCallback            0x08101d69   Thumb Code     2  stm32h7xx_hal_tim_ex.o(.text.HAL_TIMEx_CommutationCallback)
    HAL_TIM_Base_Init                        0x08101d71   Thumb Code   344  stm32h7xx_hal_tim.o(.text.HAL_TIM_Base_Init)
    HAL_TIM_Base_MspInit                     0x08101ec9   Thumb Code    68  tim.o(.text.HAL_TIM_Base_MspInit)
    HAL_TIM_Base_Start_IT                    0x08101f11   Thumb Code   248  stm32h7xx_hal_tim.o(.text.HAL_TIM_Base_Start_IT)
    HAL_TIM_Base_Stop_IT                     0x08102009   Thumb Code   272  stm32h7xx_hal_tim.o(.text.HAL_TIM_Base_Stop_IT)
    HAL_TIM_IC_CaptureCallback               0x08102119   Thumb Code     2  stm32h7xx_hal_tim.o(.text.HAL_TIM_IC_CaptureCallback)
    HAL_TIM_PWM_PulseFinishedCallback        0x08102121   Thumb Code     2  stm32h7xx_hal_tim.o(.text.HAL_TIM_PWM_PulseFinishedCallback)
    HAL_UART_ErrorCallback                   0x08102129   Thumb Code     2  stm32h7xx_hal_uart.o(.text.HAL_UART_ErrorCallback)
    HAL_UART_Init                            0x08102131   Thumb Code   392  stm32h7xx_hal_uart.o(.text.HAL_UART_Init)
    HAL_UART_MspInit                         0x081022b9   Thumb Code   302  usart.o(.text.HAL_UART_MspInit)
    HAL_UART_Receive                         0x081023e9   Thumb Code   230  stm32h7xx_hal_uart.o(.text.HAL_UART_Receive)
    HAL_UART_RxCpltCallback                  0x081024d1   Thumb Code     2  stm32h7xx_hal_uart.o(.text.HAL_UART_RxCpltCallback)
    MemManage_Handler                        0x081024d9   Thumb Code     2  stm32h7xx_it.o(.text.MemManage_Handler)
    NMI_Handler                              0x081024e1   Thumb Code     2  stm32h7xx_it.o(.text.NMI_Handler)
    RBC_Get_Chapter_Free_Size                0x081024e9   Thumb Code    12  ring_buffer_chapter.o(.text.RBC_Get_Chapter_Free_Size)
    RBC_Get_Chapter_Number                   0x081024f9   Thumb Code    22  ring_buffer_chapter.o(.text.RBC_Get_Chapter_Number)
    RBC_Init                                 0x08102511   Thumb Code    50  ring_buffer_chapter.o(.text.RBC_Init)
    RBC_Write_String                         0x08102549   Thumb Code    40  ring_buffer_chapter.o(.text.RBC_Write_String)
    RB_Get_Length                            0x08102571   Thumb Code     4  ring_buffer.o(.text.RB_Get_Length)
    RB_Init                                  0x08102579   Thumb Code    26  ring_buffer.o(.text.RB_Init)
    RB_Write_String                          0x08102599   Thumb Code   112  ring_buffer.o(.text.RB_Write_String)
    Ring_Buffer_Chapter_Init                 0x08102749   Thumb Code    48  ring_buffer_chapter.o(.text.Ring_Buffer_Chapter_Init)
    Stm32_Clock_Init                         0x08102809   Thumb Code   188  sys.o(.text.Stm32_Clock_Init)
    SysTick_Handler                          0x081028f9   Thumb Code     8  stm32h7xx_it.o(.text.SysTick_Handler)
    TIM6_DAC_IRQHandler                      0x08102901   Thumb Code    16  stm32h7xx_it.o(.text.TIM6_DAC_IRQHandler)
    TIM6_Start                               0x08102911   Thumb Code    22  tim.o(.text.TIM6_Start)
    UART4_Config                             0x08102929   Thumb Code    76  usart.o(.text.UART4_Config)
    UART4_IRQHandler                         0x08102979   Thumb Code   360  usart.o(.text.UART4_IRQHandler)
    UART_AdvFeatureConfig                    0x08102b29   Thumb Code   626  stm32h7xx_hal_uart.o(.text.UART_AdvFeatureConfig)
    UART_WaitOnFlagUntilTimeout              0x08102e11   Thumb Code   134  stm32h7xx_hal_uart.o(.text.UART_WaitOnFlagUntilTimeout)
    USART1_Config                            0x08102e99   Thumb Code    56  usart.o(.text.USART1_Config)
    Uart4_SendString                         0x08102ed1   Thumb Code    60  usart.o(.text.Uart4_SendString)
    UsageFault_Handler                       0x08102f11   Thumb Code     2  stm32h7xx_it.o(.text.UsageFault_Handler)
    assert_failed                            0x08102f81   Thumb Code    28  main.o(.text.assert_failed)
    crc16_ccitt_false                        0x08102fd9   Thumb Code    60  crc.o(.text.crc16_ccitt_false)
    crc16_init                               0x08103031   Thumb Code    68  crc.o(.text.crc16_init)
    fputc                                    0x08103079   Thumb Code    30  usart.o(.text.fputc)
    pindoard_reply_to_pc                     0x08103099   Thumb Code   100  command_analyse.o(.text.pindoard_reply_to_pc)
    D1CorePrescTable                         0x0810351f   Data          16  system_stm32h7xx.o(.rodata.D1CorePrescTable)
    __stdout                                 0x24000000   Data           4  stdout.o(.data)
    SystemCoreClock                          0x24000004   Data           4  system_stm32h7xx.o(.data.SystemCoreClock)
    SystemD2Clock                            0x24000008   Data           4  system_stm32h7xx.o(.data.SystemD2Clock)
    FDCAN1_Rx                                0x24000018   Data          40  fdcan.o(.bss.FDCAN1_Rx)
    FDCAN1_Tx                                0x24000040   Data          36  fdcan.o(.bss.FDCAN1_Tx)
    IWDG_Handler                             0x24000064   Data          16  iwdg.o(.bss.IWDG_Handler)
    TIM6_Handler                             0x24000074   Data          64  tim.o(.bss.TIM6_Handler)
    buffer_base                              0x240000b4   Data        1024  ring_buffer_chapter.o(.bss.buffer_base)
    buffer_chapter                           0x240004b4   Data         128  ring_buffer_chapter.o(.bss.buffer_chapter)
    debug_huart1                             0x24000734   Data         128  usart.o(.bss.debug_huart1)
    g_fdcan1_rx_special_cnt                  0x240008bc   Data           1  fdcan.o(.bss.g_fdcan1_rx_special_cnt)
    g_fdcan1_rx_specialdata                  0x240008bd   Data          64  fdcan.o(.bss.g_fdcan1_rx_specialdata)
    hFDCan1                                  0x24000900   Data         156  fdcan.o(.bss.hFDCan1)
    rbc                                      0x240009a0   Data          52  ring_buffer_chapter.o(.bss.rbc)
    rs485_huart4                             0x240009d4   Data         128  usart.o(.bss.rs485_huart4)
    __initial_sp                             0x24000ee0   Data           0  startup_stm32h743xx.o(STACK)



==============================================================================

Memory Map of the image

  Image Entry point : 0x08000299

  Load Region LR_IROM1 (Base: 0x08000000, Size: 0x00003708, Max: 0x00100000, ABSOLUTE)

    Execution Region ER_IROM1 (Exec base: 0x08000000, Load base: 0x08000000, Size: 0x000036f0, Max: 0x00100000, ABSOLUTE)

    Exec Addr    Load Addr    Size         Type   Attr      Idx    E Section Name        Object

    0x08000000   0x08000000   0x00000298   Data   RO            3    RESET               startup_stm32h743xx.o
    0x08000298   0x08000298   0x00000000   Code   RO         2956  * .ARM.Collect$$$$00000000  mc_w.l(entry.o)
    0x08000298   0x08000298   0x00000004   Code   RO         3228    .ARM.Collect$$$$00000001  mc_w.l(entry2.o)
    0x0800029c   0x0800029c   0x00000004   Code   RO         3231    .ARM.Collect$$$$00000004  mc_w.l(entry5.o)
    0x080002a0   0x080002a0   0x00000000   Code   RO         3233    .ARM.Collect$$$$00000008  mc_w.l(entry7b.o)
    0x080002a0   0x080002a0   0x00000000   Code   RO         3235    .ARM.Collect$$$$0000000A  mc_w.l(entry8b.o)
    0x080002a0   0x080002a0   0x00000008   Code   RO         3236    .ARM.Collect$$$$0000000B  mc_w.l(entry9a.o)
    0x080002a8   0x080002a8   0x00000000   Code   RO         3238    .ARM.Collect$$$$0000000D  mc_w.l(entry10a.o)
    0x080002a8   0x080002a8   0x00000000   Code   RO         3240    .ARM.Collect$$$$0000000F  mc_w.l(entry11a.o)
    0x080002a8   0x080002a8   0x00000004   Code   RO         3229    .ARM.Collect$$$$00002712  mc_w.l(entry2.o)
    0x080002ac   0x080002ac   0x00000062   Code   RO         2959    .text               mc_w.l(uldiv.o)
    0x0800030e   0x0800030e   0x00000024   Code   RO         2961    .text               mc_w.l(memcpya.o)
    0x08000332   0x08000332   0x0000001e   Code   RO         3254    .text               mc_w.l(llshl.o)
    0x08000350   0x08000350   0x00000024   Code   RO         3269    .text               mc_w.l(init.o)
    0x08000374   0x08000374   0x00000004   PAD
    0x08000378   0x08000378   0x00000002   Code   RO         2745    .text.BusFault_Handler  stm32h7xx_it.o
    0x0800037a   0x0800037a   0x00000006   PAD
    0x08000380   0x08000380   0x0000000a   Code   RO         2669    .text.Error_Handler  main.o
    0x0800038a   0x0800038a   0x00000006   PAD
    0x08000390   0x08000390   0x00000010   Code   RO         2759    .text.FDCAN1_IT0_IRQHandler  stm32h7xx_it.o
    0x080003a0   0x080003a0   0x000000fc   Code   RO         2815    .text.FDCAN1_Init   fdcan.o
    0x0800049c   0x0800049c   0x00000004   PAD
    0x080004a0   0x080004a0   0x0000012c   Code   RO         2817    .text.FDCAN1_Send_Msg  fdcan.o
    0x080005cc   0x080005cc   0x00000004   PAD
    0x080005d0   0x080005d0   0x00000086   Code   RO          522    .text.FDCAN_CopyMessageToRAM  stm32h7xx_hal_fdcan.o
    0x08000656   0x08000656   0x00000002   PAD
    0x08000658   0x08000658   0x0000016e   Code   RO          520    .text.HAL_FDCAN_AddMessageToTxFifoQ  stm32h7xx_hal_fdcan.o
    0x080007c6   0x080007c6   0x00000002   PAD
    0x080007c8   0x080007c8   0x00000002   Code   RO          612    .text.HAL_FDCAN_ClockCalibrationCallback  stm32h7xx_hal_fdcan.o
    0x080007ca   0x080007ca   0x00000006   PAD
    0x080007d0   0x080007d0   0x000001be   Code   RO          480    .text.HAL_FDCAN_ConfigFilter  stm32h7xx_hal_fdcan.o
    0x0800098e   0x0800098e   0x00000002   PAD
    0x08000990   0x08000990   0x00000002   Code   RO          638    .text.HAL_FDCAN_ErrorCallback  stm32h7xx_hal_fdcan.o
    0x08000992   0x08000992   0x00000006   PAD
    0x08000998   0x08000998   0x00000416   Code   RO          606    .text.HAL_FDCAN_IRQHandler  stm32h7xx_hal_fdcan.o
    0x08000dae   0x08000dae   0x00000002   PAD
    0x08000db0   0x08000db0   0x000000ac   Code   RO         2811    .text.HAL_FDCAN_MspInit  fdcan.o
    0x08000e5c   0x08000e5c   0x00000004   PAD
    0x08000e60   0x08000e60   0x000000ea   Code   RO         2819    .text.HAL_FDCAN_RxFifo0Callback  fdcan.o
    0x08000f4a   0x08000f4a   0x00000006   PAD
    0x08000f50   0x08000f50   0x00000002   Code   RO          618    .text.HAL_FDCAN_RxFifo1Callback  stm32h7xx_hal_fdcan.o
    0x08000f52   0x08000f52   0x00000006   PAD
    0x08000f58   0x08000f58   0x00000002   Code   RO          630    .text.HAL_FDCAN_TT_ScheduleSyncCallback  stm32h7xx_hal_fdcan.o
    0x08000f5a   0x08000f5a   0x00000006   PAD
    0x08000f60   0x08000f60   0x00000002   Code   RO          634    .text.HAL_FDCAN_TT_StopWatchCallback  stm32h7xx_hal_fdcan.o
    0x08000f62   0x08000f62   0x00000006   PAD
    0x08000f68   0x08000f68   0x00000002   Code   RO          626    .text.HAL_FDCAN_TimestampWraparoundCallback  stm32h7xx_hal_fdcan.o
    0x08000f6a   0x08000f6a   0x00000006   PAD
    0x08000f70   0x08000f70   0x00000002   Code   RO          622    .text.HAL_FDCAN_TxBufferCompleteCallback  stm32h7xx_hal_fdcan.o
    0x08000f72   0x08000f72   0x00000006   PAD
    0x08000f78   0x08000f78   0x0000026c   Code   RO          752    .text.HAL_GPIO_Init  stm32h7xx_hal_gpio.o
    0x080011e4   0x080011e4   0x00000004   PAD
    0x080011e8   0x080011e8   0x0000000c   Code   RO         1248    .text.HAL_IWDG_Refresh  stm32h7xx_hal_iwdg.o
    0x080011f4   0x080011f4   0x00000004   PAD
    0x080011f8   0x080011f8   0x0000001e   Code   RO           26    .text.HAL_Init      stm32h7xx_hal.o
    0x08001216   0x08001216   0x00000002   PAD
    0x08001218   0x08001218   0x00000050   Code   RO           28    .text.HAL_InitTick  stm32h7xx_hal.o
    0x08001268   0x08001268   0x00000020   Code   RO          316    .text.HAL_NVIC_EnableIRQ  stm32h7xx_hal_cortex.o
    0x08001288   0x08001288   0x00000042   Code   RO          308    .text.HAL_NVIC_SetPriority  stm32h7xx_hal_cortex.o
    0x080012ca   0x080012ca   0x00000006   PAD
    0x080012d0   0x080012d0   0x00000020   Code   RO          304    .text.HAL_NVIC_SetPriorityGrouping  stm32h7xx_hal_cortex.o
    0x080012f0   0x080012f0   0x0000003a   Code   RO         1770    .text.HAL_RCCEx_GetD1SysClockFreq  stm32h7xx_hal_rcc_ex.o
    0x0800132a   0x0800132a   0x00000006   PAD
    0x08001330   0x08001330   0x000000f0   Code   RO         1762    .text.HAL_RCCEx_GetPLL2ClockFreq  stm32h7xx_hal_rcc_ex.o
    0x08001420   0x08001420   0x0000034a   Code   RO         1719    .text.HAL_RCC_ClockConfig  stm32h7xx_hal_rcc.o
    0x0800176a   0x0800176a   0x00000006   PAD
    0x08001770   0x08001770   0x00000038   Code   RO         1727    .text.HAL_RCC_GetHCLKFreq  stm32h7xx_hal_rcc.o
    0x080017a8   0x080017a8   0x0000002e   Code   RO         1729    .text.HAL_RCC_GetPCLK1Freq  stm32h7xx_hal_rcc.o
    0x080017d6   0x080017d6   0x00000002   PAD
    0x080017d8   0x080017d8   0x00000030   Code   RO         1731    .text.HAL_RCC_GetPCLK2Freq  stm32h7xx_hal_rcc.o
    0x08001808   0x08001808   0x000000e4   Code   RO         1721    .text.HAL_RCC_GetSysClockFreq  stm32h7xx_hal_rcc.o
    0x080018ec   0x080018ec   0x00000004   PAD
    0x080018f0   0x080018f0   0x0000061e   Code   RO         1717    .text.HAL_RCC_OscConfig  stm32h7xx_hal_rcc.o
    0x08001f0e   0x08001f0e   0x00000002   PAD
    0x08001f10   0x08001f10   0x00000034   Code   RO          358    .text.HAL_SYSTICK_CLKSourceConfig  stm32h7xx_hal_cortex.o
    0x08001f44   0x08001f44   0x00000004   PAD
    0x08001f48   0x08001f48   0x00000008   Code   RO          328    .text.HAL_SYSTICK_Config  stm32h7xx_hal_cortex.o
    0x08001f50   0x08001f50   0x00000002   Code   RO         2388    .text.HAL_TIMEx_BreakCallback  stm32h7xx_hal_tim_ex.o
    0x08001f52   0x08001f52   0x00000006   PAD
    0x08001f58   0x08001f58   0x00000188   Code   RO         2215    .text.HAL_TIM_IRQHandler  stm32h7xx_hal_tim.o
    0x080020e0   0x080020e0   0x00000002   Code   RO         2219    .text.HAL_TIM_OC_DelayElapsedCallback  stm32h7xx_hal_tim.o
    0x080020e2   0x080020e2   0x00000006   PAD
    0x080020e8   0x080020e8   0x00000050   Code   RO         2847    .text.HAL_TIM_PeriodElapsedCallback  tim.o
    0x08002138   0x08002138   0x00000002   Code   RO         2225    .text.HAL_TIM_TriggerCallback  stm32h7xx_hal_tim.o
    0x0800213a   0x0800213a   0x00000006   PAD
    0x08002140   0x08002140   0x00000002   Code   RO         2539    .text.HAL_UARTEx_WakeupCallback  stm32h7xx_hal_uart_ex.o
    0x08002142   0x08002142   0x00000006   PAD
    0x08002148   0x08002148   0x0000017a   Code   RO         2481    .text.HAL_UART_IRQHandler  stm32h7xx_hal_uart.o
    0x080022c2   0x080022c2   0x00000006   PAD
    0x080022c8   0x080022c8   0x000000c8   Code   RO         2421    .text.HAL_UART_Transmit  stm32h7xx_hal_uart.o
    0x08002390   0x08002390   0x00000002   Code   RO         2493    .text.HAL_UART_TxCpltCallback  stm32h7xx_hal_uart.o
    0x08002392   0x08002392   0x00000006   PAD
    0x08002398   0x08002398   0x00000002   Code   RO         2741    .text.HardFault_Handler  stm32h7xx_it.o
    0x0800239a   0x0800239a   0x00000006   PAD
    0x080023a0   0x080023a0   0x00000010   Code   RO         2685    .text.IWDG_Feed     iwdg.o
    0x080023b0   0x080023b0   0x00000030   Code   RO         2683    .text.IWDG_Init     iwdg.o
    0x080023e0   0x080023e0   0x0000002e   Code   RO          314    .text.NVIC_EncodePriority  stm32h7xx_hal_cortex.o
    0x0800240e   0x0800240e   0x00000002   PAD
    0x08002410   0x08002410   0x00000002   Code   RO         2753    .text.PendSV_Handler  stm32h7xx_it.o
    0x08002412   0x08002412   0x00000006   PAD
    0x08002418   0x08002418   0x0000003e   Code   RO         2902    .text.RBC_Ending_Chapter  ring_buffer_chapter.o
    0x08002456   0x08002456   0x00000002   PAD
    0x08002458   0x08002458   0x00000044   Code   RO         2908    .text.RBC_Read_Chapter  ring_buffer_chapter.o
    0x0800249c   0x0800249c   0x00000004   PAD
    0x080024a0   0x080024a0   0x00000008   Code   RO         2884    .text.RB_Get_FreeSize  ring_buffer.o
    0x080024a8   0x080024a8   0x00000070   Code   RO         2880    .text.RB_Read_String  ring_buffer.o
    0x08002518   0x08002518   0x0000013c   Code   RO         1752    .text.RCCEx_PLL2_Config  stm32h7xx_hal_rcc_ex.o
    0x08002654   0x08002654   0x00000004   PAD
    0x08002658   0x08002658   0x00000002   Code   RO         2749    .text.SVC_Handler   stm32h7xx_it.o
    0x0800265a   0x0800265a   0x00000006   PAD
    0x08002660   0x08002660   0x0000006c   Code   RO           11    .text.SystemInit    system_stm32h7xx.o
    0x080026cc   0x080026cc   0x00000004   PAD
    0x080026d0   0x080026d0   0x00000030   Code   RO         2837    .text.TIM6_Init     tim.o
    0x08002700   0x08002700   0x00000016   Code   RO         2841    .text.TIM6_Stop     tim.o
    0x08002716   0x08002716   0x00000002   PAD
    0x08002718   0x08002718   0x0000013a   Code   RO         2091    .text.TIM_Base_SetConfig  stm32h7xx_hal_tim.o
    0x08002852   0x08002852   0x00000006   PAD
    0x08002858   0x08002858   0x00000066   Code   RO         2409    .text.UART_CheckIdleState  stm32h7xx_hal_uart.o
    0x080028be   0x080028be   0x00000002   PAD
    0x080028c0   0x080028c0   0x00000014   Code   RO         2485    .text.UART_DMAAbortOnError  stm32h7xx_hal_uart.o
    0x080028d4   0x080028d4   0x00000004   PAD
    0x080028d8   0x080028d8   0x0000001a   Code   RO         2453    .text.UART_EndRxTransfer  stm32h7xx_hal_uart.o
    0x080028f2   0x080028f2   0x00000006   PAD
    0x080028f8   0x080028f8   0x00000018   Code   RO         2491    .text.UART_EndTransmit_IT  stm32h7xx_hal_uart.o
    0x08002910   0x08002910   0x00000072   Code   RO         2483    .text.UART_Receive_IT  stm32h7xx_hal_uart.o
    0x08002982   0x08002982   0x00000006   PAD
    0x08002988   0x08002988   0x00000942   Code   RO         2405    .text.UART_SetConfig  stm32h7xx_hal_uart.o
    0x080032ca   0x080032ca   0x00000006   PAD
    0x080032d0   0x080032d0   0x00000010   Code   RO          310    .text.__NVIC_GetPriorityGrouping  stm32h7xx_hal_cortex.o
    0x080032e0   0x080032e0   0x00000016   Code   RO         2724    .text.delay_init    delay.o
    0x080032f6   0x080032f6   0x00000002   PAD
    0x080032f8   0x080032f8   0x00000098   Code   RO         2667    .text.main          main.o
    0x08003390   0x08003390   0x000000b6   Code   RO         2929    .text.pc_to_pinboard_command_analyse  command_analyse.o
    0x08003446   0x08003446   0x00000002   PAD
    0x08003448   0x08003448   0x0000005c   Code   RO         2931    .text.pinboard_sendto_submodule  command_analyse.o
    0x080034a4   0x080034a4   0x00000004   PAD
    0x080034a8   0x080034a8   0x0000001c   Code   RO         2783    .text.rs485_uart4_re  usart.o
    0x080034c4   0x080034c4   0x00000020   Code   RO         3174    i.__0printf$8       mc_w.l(printf8.o)
    0x080034e4   0x080034e4   0x0000000e   Code   RO         3277    i.__scatterload_copy  mc_w.l(handlers.o)
    0x080034f2   0x080034f2   0x00000002   Code   RO         3278    i.__scatterload_null  mc_w.l(handlers.o)
    0x080034f4   0x080034f4   0x0000000e   Code   RO         3279    i.__scatterload_zeroinit  mc_w.l(handlers.o)
    0x08003502   0x08003502   0x00000024   Code   RO         3182    i._printf_post_padding  mc_w.l(printf8.o)
    0x08003526   0x08003526   0x0000002e   Code   RO         3183    i._printf_pre_padding  mc_w.l(printf8.o)
    0x08003554   0x08003554   0x00000040   Data   RO          366    .rodata.str1.1      stm32h7xx_hal_cortex.o
    0x08003594   0x08003594   0x0000003e   Data   RO         1250    .rodata.str1.1      stm32h7xx_hal_iwdg.o
    0x080035d2   0x080035d2   0x00000040   Data   RO         1800    .rodata.str1.1      stm32h7xx_hal_rcc_ex.o
    0x08003612   0x08003612   0x0000003d   Data   RO         2303    .rodata.str1.1      stm32h7xx_hal_tim.o
    0x0800364f   0x0800364f   0x00000012   Data   RO         2673    .rodata.str1.1      main.o
    0x08003661   0x08003661   0x00000019   Data   RO         2826    .rodata.str1.1      fdcan.o
    0x0800367a   0x0800367a   0x00000055   Data   RO         2935    .rodata.str1.1      command_analyse.o
    0x080036cf   0x080036cf   0x00000001   PAD
    0x080036d0   0x080036d0   0x00000020   Data   RO         3276    Region$$Table       anon$$obj.o


    Execution Region RW_IRAM2 (Exec base: 0x24000000, Load base: 0x080036f0, Size: 0x00000ee0, Max: 0x00080000, ABSOLUTE)

    Exec Addr    Load Addr    Size         Type   Attr      Idx    E Section Name        Object

    0x24000000   0x080036f0   0x00000004   Data   RW         3242    .data               mc_w.l(stdout.o)
    0x24000004   0x080036f4   0x00000004   Data   RW           15    .data.SystemCoreClock  system_stm32h7xx.o
    0x24000008   0x080036f8   0x00000004   Data   RW           16    .data.SystemD2Clock  system_stm32h7xx.o
    0x2400000c   0x080036fc   0x00000001   Data   RW          124    .data.uwTickFreq    stm32h7xx_hal.o
    0x2400000d   0x080036fd   0x00000003   PAD
    0x24000010   0x08003700   0x00000004   Data   RW          125    .data.uwTickPrio    stm32h7xx_hal.o
    0x24000014   0x08003704   0x00000004   PAD
    0x24000018        -       0x00000028   Zero   RW         2824    .bss.FDCAN1_Rx      fdcan.o
    0x24000040        -       0x00000024   Zero   RW         2825    .bss.FDCAN1_Tx      fdcan.o
    0x24000064        -       0x00000010   Zero   RW         2687    .bss.IWDG_Handler   iwdg.o
    0x24000074        -       0x00000040   Zero   RW         2849    .bss.TIM6_Handler   tim.o
    0x240000b4        -       0x00000400   Zero   RW         2918    .bss.buffer_base    ring_buffer_chapter.o
    0x240004b4        -       0x00000080   Zero   RW         2919    .bss.buffer_chapter  ring_buffer_chapter.o
    0x24000534        -       0x00000200   Zero   RW         2948    .bss.crc16_table    crc.o
    0x24000734        -       0x00000080   Zero   RW         2797    .bss.debug_huart1   usart.o
    0x240007b4        -       0x00000004   Zero   RW         2730    .bss.fac_us         delay.o
    0x240007b8        -       0x00000001   Zero   RW         2828    .bss.fdcan1_receive_count  fdcan.o
    0x240007b9   0x08003704   0x00000003   PAD
    0x240007bc        -       0x00000100   Zero   RW         2827    .bss.fdcan1_rxdata  fdcan.o
    0x240008bc        -       0x00000001   Zero   RW         2822    .bss.g_fdcan1_rx_special_cnt  fdcan.o
    0x240008bd        -       0x00000040   Zero   RW         2821    .bss.g_fdcan1_rx_specialdata  fdcan.o
    0x240008fd   0x08003704   0x00000003   PAD
    0x24000900        -       0x0000009c   Zero   RW         2823    .bss.hFDCan1        fdcan.o
    0x2400099c        -       0x00000001   Zero   RW         2802    .bss.huart4_error_cnt  usart.o
    0x2400099d   0x08003704   0x00000003   PAD
    0x240009a0        -       0x00000034   Zero   RW         2920    .bss.rbc            ring_buffer_chapter.o
    0x240009d4        -       0x00000080   Zero   RW         2798    .bss.rs485_huart4   usart.o
    0x24000a54        -       0x00000002   Zero   RW         2799    .bss.usart4_rx_len  usart.o
    0x24000a56   0x08003704   0x00000002   PAD
    0x24000a58        -       0x00000080   Zero   RW         2800    .bss.usart4_rxbuffer  usart.o
    0x24000ad8        -       0x00000004   Zero   RW          126    .bss.uwTick         stm32h7xx_hal.o
    0x24000adc   0x08003704   0x00000004   PAD
    0x24000ae0        -       0x00000400   Zero   RW            1    STACK               startup_stm32h743xx.o



  Load Region LR_IROM2 (Base: 0x08100000, Size: 0x000036b8, Max: 0x00100000, ABSOLUTE)

    Execution Region ER_IROM2 (Exec base: 0x08100000, Load base: 0x08100000, Size: 0x000036b8, Max: 0x00100000, ABSOLUTE)

    Exec Addr    Load Addr    Size         Type   Attr      Idx    E Section Name        Object

    0x08100000   0x08100000   0x00000024   Code   RO            4    .text               startup_stm32h743xx.o
    0x08100024   0x08100024   0x00000024   Code   RO         2963    .text               mc_w.l(memseta.o)
    0x08100048   0x08100048   0x00000020   Code   RO         3256    .text               mc_w.l(llushr.o)
    0x08100068   0x08100068   0x0000001c   Code   RO         2696    .text.Cache_Enable  sys.o
    0x08100084   0x08100084   0x00000004   PAD
    0x08100088   0x08100088   0x00000002   Code   RO         2751    .text.DebugMon_Handler  stm32h7xx_it.o
    0x0810008a   0x0810008a   0x00000006   PAD
    0x08100090   0x08100090   0x000001da   Code   RO          460    .text.FDCAN_CalcultateRamBlockAddresses  stm32h7xx_hal_fdcan.o
    0x0810026a   0x0810026a   0x00000006   PAD
    0x08100270   0x08100270   0x000000c8   Code   RO          403    .text.HAL_DMA_Abort_IT  stm32h7xx_hal_dma.o
    0x08100338   0x08100338   0x00000012   Code   RO           78    .text.HAL_EnableCompensationCell  stm32h7xx_hal.o
    0x0810034a   0x0810034a   0x00000006   PAD
    0x08100350   0x08100350   0x000000a0   Code   RO          598    .text.HAL_FDCAN_ActivateNotification  stm32h7xx_hal_fdcan.o
    0x081003f0   0x081003f0   0x00000096   Code   RO          482    .text.HAL_FDCAN_ConfigGlobalFilter  stm32h7xx_hal_fdcan.o
    0x08100486   0x08100486   0x00000002   PAD
    0x08100488   0x08100488   0x00000172   Code   RO          530    .text.HAL_FDCAN_GetRxMessage  stm32h7xx_hal_fdcan.o
    0x081005fa   0x081005fa   0x00000006   PAD
    0x08100600   0x08100600   0x00000002   Code   RO          608    .text.HAL_FDCAN_HighPriorityMessageCallback  stm32h7xx_hal_fdcan.o
    0x08100602   0x08100602   0x00000006   PAD
    0x08100608   0x08100608   0x000004b2   Code   RO          456    .text.HAL_FDCAN_Init  stm32h7xx_hal_fdcan.o
    0x08100aba   0x08100aba   0x00000006   PAD
    0x08100ac0   0x08100ac0   0x00000002   Code   RO          624    .text.HAL_FDCAN_RxBufferNewMessageCallback  stm32h7xx_hal_fdcan.o
    0x08100ac2   0x08100ac2   0x00000006   PAD
    0x08100ac8   0x08100ac8   0x00000032   Code   RO          518    .text.HAL_FDCAN_Start  stm32h7xx_hal_fdcan.o
    0x08100afa   0x08100afa   0x00000006   PAD
    0x08100b00   0x08100b00   0x00000002   Code   RO          636    .text.HAL_FDCAN_TT_GlobalTimeCallback  stm32h7xx_hal_fdcan.o
    0x08100b02   0x08100b02   0x00000006   PAD
    0x08100b08   0x08100b08   0x00000002   Code   RO          632    .text.HAL_FDCAN_TT_TimeMarkCallback  stm32h7xx_hal_fdcan.o
    0x08100b0a   0x08100b0a   0x00000006   PAD
    0x08100b10   0x08100b10   0x00000002   Code   RO          628    .text.HAL_FDCAN_TimeoutOccurredCallback  stm32h7xx_hal_fdcan.o
    0x08100b12   0x08100b12   0x00000006   PAD
    0x08100b18   0x08100b18   0x00000002   Code   RO          610    .text.HAL_FDCAN_TxBufferAbortCallback  stm32h7xx_hal_fdcan.o
    0x08100b1a   0x08100b1a   0x00000006   PAD
    0x08100b20   0x08100b20   0x00000002   Code   RO          614    .text.HAL_FDCAN_TxEventFifoCallback  stm32h7xx_hal_fdcan.o
    0x08100b22   0x08100b22   0x00000006   PAD
    0x08100b28   0x08100b28   0x00000002   Code   RO          620    .text.HAL_FDCAN_TxFifoEmptyCallback  stm32h7xx_hal_fdcan.o
    0x08100b2a   0x08100b2a   0x00000006   PAD
    0x08100b30   0x08100b30   0x00000040   Code   RO          758    .text.HAL_GPIO_WritePin  stm32h7xx_hal_gpio.o
    0x08100b70   0x08100b70   0x0000000c   Code   RO           38    .text.HAL_GetTick   stm32h7xx_hal.o
    0x08100b7c   0x08100b7c   0x00000004   PAD
    0x08100b80   0x08100b80   0x000000b0   Code   RO         1246    .text.HAL_IWDG_Init  stm32h7xx_hal_iwdg.o
    0x08100c30   0x08100c30   0x0000001a   Code   RO           36    .text.HAL_IncTick   stm32h7xx_hal.o
    0x08100c4a   0x08100c4a   0x00000006   PAD
    0x08100c50   0x08100c50   0x00000002   Code   RO         2768    .text.HAL_MspInit   stm32h7xx_hal_msp.o
    0x08100c52   0x08100c52   0x00000006   PAD
    0x08100c58   0x08100c58   0x0000002e   Code   RO         1768    .text.HAL_RCCEx_GetD3PCLK1Freq  stm32h7xx_hal_rcc_ex.o
    0x08100c86   0x08100c86   0x00000002   PAD
    0x08100c88   0x08100c88   0x000000f0   Code   RO         1764    .text.HAL_RCCEx_GetPLL3ClockFreq  stm32h7xx_hal_rcc_ex.o
    0x08100d78   0x08100d78   0x00000fec   Code   RO         1750    .text.HAL_RCCEx_PeriphCLKConfig  stm32h7xx_hal_rcc_ex.o
    0x08101d64   0x08101d64   0x00000004   PAD
    0x08101d68   0x08101d68   0x00000002   Code   RO         2386    .text.HAL_TIMEx_CommutationCallback  stm32h7xx_hal_tim_ex.o
    0x08101d6a   0x08101d6a   0x00000006   PAD
    0x08101d70   0x08101d70   0x00000158   Code   RO         2087    .text.HAL_TIM_Base_Init  stm32h7xx_hal_tim.o
    0x08101ec8   0x08101ec8   0x00000044   Code   RO         2843    .text.HAL_TIM_Base_MspInit  tim.o
    0x08101f0c   0x08101f0c   0x00000004   PAD
    0x08101f10   0x08101f10   0x000000f8   Code   RO         2101    .text.HAL_TIM_Base_Start_IT  stm32h7xx_hal_tim.o
    0x08102008   0x08102008   0x00000110   Code   RO         2103    .text.HAL_TIM_Base_Stop_IT  stm32h7xx_hal_tim.o
    0x08102118   0x08102118   0x00000002   Code   RO         2217    .text.HAL_TIM_IC_CaptureCallback  stm32h7xx_hal_tim.o
    0x0810211a   0x0810211a   0x00000006   PAD
    0x08102120   0x08102120   0x00000002   Code   RO         2221    .text.HAL_TIM_PWM_PulseFinishedCallback  stm32h7xx_hal_tim.o
    0x08102122   0x08102122   0x00000006   PAD
    0x08102128   0x08102128   0x00000002   Code   RO         2487    .text.HAL_UART_ErrorCallback  stm32h7xx_hal_uart.o
    0x0810212a   0x0810212a   0x00000006   PAD
    0x08102130   0x08102130   0x00000188   Code   RO         2401    .text.HAL_UART_Init  stm32h7xx_hal_uart.o
    0x081022b8   0x081022b8   0x0000012e   Code   RO         2785    .text.HAL_UART_MspInit  usart.o
    0x081023e6   0x081023e6   0x00000002   PAD
    0x081023e8   0x081023e8   0x000000e6   Code   RO         2425    .text.HAL_UART_Receive  stm32h7xx_hal_uart.o
    0x081024ce   0x081024ce   0x00000002   PAD
    0x081024d0   0x081024d0   0x00000002   Code   RO         2497    .text.HAL_UART_RxCpltCallback  stm32h7xx_hal_uart.o
    0x081024d2   0x081024d2   0x00000006   PAD
    0x081024d8   0x081024d8   0x00000002   Code   RO         2743    .text.MemManage_Handler  stm32h7xx_it.o
    0x081024da   0x081024da   0x00000006   PAD
    0x081024e0   0x081024e0   0x00000002   Code   RO         2739    .text.NMI_Handler   stm32h7xx_it.o
    0x081024e2   0x081024e2   0x00000006   PAD
    0x081024e8   0x081024e8   0x0000000c   Code   RO         2898    .text.RBC_Get_Chapter_Free_Size  ring_buffer_chapter.o
    0x081024f4   0x081024f4   0x00000004   PAD
    0x081024f8   0x081024f8   0x00000016   Code   RO         2906    .text.RBC_Get_Chapter_Number  ring_buffer_chapter.o
    0x0810250e   0x0810250e   0x00000002   PAD
    0x08102510   0x08102510   0x00000032   Code   RO         2894    .text.RBC_Init      ring_buffer_chapter.o
    0x08102542   0x08102542   0x00000006   PAD
    0x08102548   0x08102548   0x00000028   Code   RO         2900    .text.RBC_Write_String  ring_buffer_chapter.o
    0x08102570   0x08102570   0x00000004   Code   RO         2882    .text.RB_Get_Length  ring_buffer.o
    0x08102574   0x08102574   0x00000004   PAD
    0x08102578   0x08102578   0x0000001a   Code   RO         2870    .text.RB_Init       ring_buffer.o
    0x08102592   0x08102592   0x00000006   PAD
    0x08102598   0x08102598   0x00000070   Code   RO         2878    .text.RB_Write_String  ring_buffer.o
    0x08102608   0x08102608   0x0000013c   Code   RO         1754    .text.RCCEx_PLL3_Config  stm32h7xx_hal_rcc_ex.o
    0x08102744   0x08102744   0x00000004   PAD
    0x08102748   0x08102748   0x00000030   Code   RO         2916    .text.Ring_Buffer_Chapter_Init  ring_buffer_chapter.o
    0x08102778   0x08102778   0x0000005e   Code   RO         2700    .text.SCB_EnableDCache  sys.o
    0x081027d6   0x081027d6   0x00000002   PAD
    0x081027d8   0x081027d8   0x00000030   Code   RO         2698    .text.SCB_EnableICache  sys.o
    0x08102808   0x08102808   0x000000bc   Code   RO         2702    .text.Stm32_Clock_Init  sys.o
    0x081028c4   0x081028c4   0x00000004   PAD
    0x081028c8   0x081028c8   0x0000002e   Code   RO          330    .text.SysTick_Config  stm32h7xx_hal_cortex.o
    0x081028f6   0x081028f6   0x00000002   PAD
    0x081028f8   0x081028f8   0x00000008   Code   RO         2755    .text.SysTick_Handler  stm32h7xx_it.o
    0x08102900   0x08102900   0x00000010   Code   RO         2757    .text.TIM6_DAC_IRQHandler  stm32h7xx_it.o
    0x08102910   0x08102910   0x00000016   Code   RO         2839    .text.TIM6_Start    tim.o
    0x08102926   0x08102926   0x00000002   PAD
    0x08102928   0x08102928   0x0000004c   Code   RO         2781    .text.UART4_Config  usart.o
    0x08102974   0x08102974   0x00000004   PAD
    0x08102978   0x08102978   0x000001b0   Code   RO         2789    .text.UART4_IRQHandler  usart.o
    0x08102b28   0x08102b28   0x00000272   Code   RO         2407    .text.UART_AdvFeatureConfig  stm32h7xx_hal_uart.o
    0x08102d9a   0x08102d9a   0x00000006   PAD
    0x08102da0   0x08102da0   0x0000006e   Code   RO         2489    .text.UART_Transmit_IT  stm32h7xx_hal_uart.o
    0x08102e0e   0x08102e0e   0x00000002   PAD
    0x08102e10   0x08102e10   0x00000086   Code   RO         2423    .text.UART_WaitOnFlagUntilTimeout  stm32h7xx_hal_uart.o
    0x08102e96   0x08102e96   0x00000002   PAD
    0x08102e98   0x08102e98   0x00000038   Code   RO         2779    .text.USART1_Config  usart.o
    0x08102ed0   0x08102ed0   0x0000003c   Code   RO         2791    .text.Uart4_SendString  usart.o
    0x08102f0c   0x08102f0c   0x00000004   PAD
    0x08102f10   0x08102f10   0x00000002   Code   RO         2747    .text.UsageFault_Handler  stm32h7xx_it.o
    0x08102f12   0x08102f12   0x00000006   PAD
    0x08102f18   0x08102f18   0x00000020   Code   RO          318    .text.__NVIC_EnableIRQ  stm32h7xx_hal_cortex.o
    0x08102f38   0x08102f38   0x00000022   Code   RO          312    .text.__NVIC_SetPriority  stm32h7xx_hal_cortex.o
    0x08102f5a   0x08102f5a   0x00000006   PAD
    0x08102f60   0x08102f60   0x00000020   Code   RO          306    .text.__NVIC_SetPriorityGrouping  stm32h7xx_hal_cortex.o
    0x08102f80   0x08102f80   0x00000058   Code   RO         2671    .text.assert_failed  main.o
    0x08102fd8   0x08102fd8   0x00000054   Code   RO         2946    .text.crc16_ccitt_false  crc.o
    0x0810302c   0x0810302c   0x00000004   PAD
    0x08103030   0x08103030   0x00000044   Code   RO         2944    .text.crc16_init    crc.o
    0x08103074   0x08103074   0x00000004   PAD
    0x08103078   0x08103078   0x0000001e   Code   RO         2793    .text.fputc         usart.o
    0x08103096   0x08103096   0x00000002   PAD
    0x08103098   0x08103098   0x00000064   Code   RO         2933    .text.pindoard_reply_to_pc  command_analyse.o
    0x081030fc   0x081030fc   0x00000410   Code   RO         3181    i._printf_core      mc_w.l(printf8.o)
    0x0810350c   0x0810350c   0x00000013   Data   RO          645    .rodata.CvtEltSize  stm32h7xx_hal_fdcan.o
    0x0810351f   0x0810351f   0x00000010   Data   RO           17    .rodata.D1CorePrescTable  system_stm32h7xx.o
    0x0810352f   0x0810352f   0x00000001   PAD
    0x08103530   0x08103530   0x00000018   Data   RO         2518    .rodata.UARTPrescTable  stm32h7xx_hal_uart.o
    0x08103548   0x08103548   0x00000010   Data   RO          646    .rodata.cst16       stm32h7xx_hal_fdcan.o
    0x08103558   0x08103558   0x0000003f   Data   RO          644    .rodata.str1.1      stm32h7xx_hal_fdcan.o
    0x08103597   0x08103597   0x0000003e   Data   RO          768    .rodata.str1.1      stm32h7xx_hal_gpio.o
    0x081035d5   0x081035d5   0x0000003d   Data   RO         1741    .rodata.str1.1      stm32h7xx_hal_rcc.o
    0x08103612   0x08103612   0x0000003e   Data   RO         2517    .rodata.str1.1      stm32h7xx_hal_uart.o
    0x08103650   0x08103650   0x00000067   Data   RO         2801    .rodata.str1.1      usart.o


==============================================================================

Image component sizes


      Code (inc. data)   RO Data    RW Data    ZI Data      Debug   Object Name

       374         10         85          0          0       2048   command_analyse.o
       152         24          0          0        512       1473   crc.o
        22          0          0          0          4       1631   delay.o
       958         60         25          0        554      13603   fdcan.o
        64          0          0          0         16       1547   iwdg.o
       250        104         18          0          0       1105   main.o
       262          0          0          0          0       3251   ring_buffer.o
       302          0          0          0       1204       4609   ring_buffer_chapter.o
        36          8        664          0       1024        984   startup_stm32h743xx.o
       166          0          0          5          4      15275   stm32h7xx_hal.o
       396          0         64          0          0      12617   stm32h7xx_hal_cortex.o
       200          0          0          0          0      12968   stm32h7xx_hal_dma.o
      4428          0         98          0          0      38452   stm32h7xx_hal_fdcan.o
       684          0         62          0          0       7490   stm32h7xx_hal_gpio.o
       188          0         62          0          0       1860   stm32h7xx_hal_iwdg.o
         2          0          0          0          0        494   stm32h7xx_hal_msp.o
      2786          4         61          0          0      11024   stm32h7xx_hal_rcc.o
      5292         98         64          0          0      17995   stm32h7xx_hal_rcc_ex.o
      1578          0         61          0          0      47894   stm32h7xx_hal_tim.o
         4          0          0          0          0      18152   stm32h7xx_hal_tim_ex.o
      4732        462         86          0          0      25109   stm32h7xx_hal_uart.o
         2          0          0          0          0       6744   stm32h7xx_hal_uart_ex.o
        56          0          0          0          0       2228   stm32h7xx_it.o
       358          0          0          0          0       6356   sys.o
       108          0         16          8          0       4756   system_stm32h7xx.o
       240          0          0          0         64       9533   tim.o
       984         72        103          0        387      12110   usart.o

    ----------------------------------------------------------------------
     25092        858       1504         16       3788     281308   Object Totals
         0          0         32          0          0          0   (incl. Generated)
       468         16          3          3         19          0   (incl. Padding)

    ----------------------------------------------------------------------

      Code (inc. data)   RO Data    RW Data    ZI Data      Debug   Library Member Name

         0          0          0          0          0          0   entry.o
         0          0          0          0          0          0   entry10a.o
         0          0          0          0          0          0   entry11a.o
         8          4          0          0          0          0   entry2.o
         4          0          0          0          0          0   entry5.o
         0          0          0          0          0          0   entry7b.o
         0          0          0          0          0          0   entry8b.o
         8          4          0          0          0          0   entry9a.o
        30          0          0          0          0          0   handlers.o
        36          8          0          0          0         68   init.o
        30          0          0          0          0         68   llshl.o
        32          0          0          0          0         68   llushr.o
        36          0          0          0          0         68   memcpya.o
        36          0          0          0          0        108   memseta.o
      1154         54          0          0          0        352   printf8.o
         0          0          0          4          0          0   stdout.o
        98          0          0          0          0         92   uldiv.o

    ----------------------------------------------------------------------
      1476         74          0          4          0        824   Library Totals
         4          4          0          0          0          0   (incl. Padding)

    ----------------------------------------------------------------------

      Code (inc. data)   RO Data    RW Data    ZI Data      Debug   Library Name

      1472         70          0          4          0        824   mc_w.l

    ----------------------------------------------------------------------
      1476         74          0          4          0        824   Library Totals

    ----------------------------------------------------------------------

==============================================================================


      Code (inc. data)   RO Data    RW Data    ZI Data      Debug   

     26568        932       1504         20       3788     281472   Grand Totals
     26568        932       1504         20       3788     281472   ELF Image Totals
     26568        932       1504         20          0          0   ROM Totals

==============================================================================

    Total RO  Size (Code + RO Data)                28072 (  27.41kB)
    Total RW  Size (RW Data + ZI Data)              3808 (   3.72kB)
    Total ROM Size (Code + RO Data + RW Data)      28092 (  27.43kB)

==============================================================================

