<html>
<body>
<pre>
<h1>µVision Build Log</h1>
<h2>Tool Versions:</h2>
IDE-Version: ¦ÌVision V5.36.0.0
Copyright (C) 2021 ARM Ltd and ARM Germany GmbH. All rights reserved.
License Information: q LC, q, LIC=CZLZX-HT024-56DQ2-9YMED-CPL1X-M9ZUP
 
Tool Versions:
Toolchain:       MDK-ARM Plus  Version: 5.36.0.0
Toolchain Path:  D:\Tools\Keil_v5\ARM\ARMCLANG\Bin
C Compiler:      ArmClang.exe V6.16
Assembler:       Armasm.exe V6.16
Linker/Locator:  ArmLink.exe V6.16
Library Manager: ArmAr.exe V6.16
Hex Converter:   FromElf.exe V6.16
CPU DLL:         SARMCM3.DLL V5.36.0.0
Dialog DLL:      DCM.DLL V1.17.3.0
Target DLL:      CMSIS_AGDI.dll V1.33.0.0
Dialog DLL:      TCM.DLL V1.53.0.0
 
<h2>Project:</h2>
C:\Users\LC\Desktop\TG_1000\TG_1000\PinBoard_code_TG_Programme\Project\RVMDK£¨uv5£©\PinBoard.uvprojx
Project File Date:  04/09/2026

<h2>Output:</h2>
*** Using Compiler 'V6.16', folder: 'D:\Tools\Keil_v5\ARM\ARMCLANG\Bin'
Rebuild target 'PinBoard'
assembling startup_stm32h743xx.s...
compiling stm32h7xx_hal_cec.c...
compiling stm32h7xx_hal.c...
compiling system_stm32h7xx.c...
compiling stm32h7xx_hal_crc.c...
compiling stm32h7xx_hal_cortex.c...
compiling stm32h7xx_hal_comp.c...
compiling stm32h7xx_hal_adc_ex.c...
compiling stm32h7xx_hal_adc.c...
compiling stm32h7xx_hal_crc_ex.c...
compiling stm32h7xx_hal_cryp.c...
compiling stm32h7xx_hal_cryp_ex.c...
compiling stm32h7xx_hal_dac.c...
compiling stm32h7xx_hal_dac_ex.c...
compiling stm32h7xx_hal_dcmi.c...
compiling stm32h7xx_hal_dfsdm.c...
compiling stm32h7xx_hal_dma2d.c...
compiling stm32h7xx_hal_eth.c...
compiling stm32h7xx_hal_eth_ex.c...
compiling stm32h7xx_hal_dma_ex.c...
compiling stm32h7xx_hal_dma.c...
compiling stm32h7xx_hal_flash.c...
compiling stm32h7xx_hal_flash_ex.c...
compiling stm32h7xx_hal_hash.c...
compiling stm32h7xx_hal_hash_ex.c...
compiling stm32h7xx_hal_gpio.c...
compiling stm32h7xx_hal_hcd.c...
compiling stm32h7xx_hal_hsem.c...
compiling stm32h7xx_hal_fdcan.c...
compiling stm32h7xx_hal_i2s.c...
compiling stm32h7xx_hal_i2s_ex.c...
compiling stm32h7xx_hal_i2c_ex.c...
compiling stm32h7xx_hal_irda.c...
compiling stm32h7xx_hal_iwdg.c...
compiling stm32h7xx_hal_jpeg.c...
compiling stm32h7xx_hal_i2c.c...
compiling stm32h7xx_hal_mdios.c...
compiling stm32h7xx_hal_mmc.c...
compiling stm32h7xx_hal_lptim.c...
compiling stm32h7xx_hal_mmc_ex.c...
compiling stm32h7xx_hal_ltdc.c...
compiling stm32h7xx_hal_nand.c...
compiling stm32h7xx_hal_hrtim.c...
compiling stm32h7xx_hal_mdma.c...
compiling stm32h7xx_hal_nor.c...
compiling stm32h7xx_hal_opamp.c...
compiling stm32h7xx_hal_opamp_ex.c...
compiling stm32h7xx_hal_pcd.c...
compiling stm32h7xx_hal_pcd_ex.c...
compiling stm32h7xx_hal_pwr.c...
compiling stm32h7xx_hal_rng.c...
compiling stm32h7xx_hal_pwr_ex.c...
compiling stm32h7xx_hal_qspi.c...
compiling stm32h7xx_hal_rcc.c...
compiling stm32h7xx_hal_rtc.c...
compiling stm32h7xx_hal_sai.c...
compiling stm32h7xx_hal_rcc_ex.c...
compiling stm32h7xx_hal_sai_ex.c...
compiling stm32h7xx_hal_sd.c...
compiling stm32h7xx_hal_rtc_ex.c...
compiling stm32h7xx_hal_sd_ex.c...
compiling stm32h7xx_hal_sdram.c...
compiling stm32h7xx_hal_smartcard.c...
compiling stm32h7xx_hal_smartcard_ex.c...
compiling stm32h7xx_hal_smbus.c...
compiling stm32h7xx_hal_spdifrx.c...
compiling stm32h7xx_hal_spi_ex.c...
compiling stm32h7xx_hal_sram.c...
compiling stm32h7xx_hal_swpmi.c...
compiling stm32h7xx_hal_uart_ex.c...
compiling stm32h7xx_hal_spi.c...
compiling stm32h7xx_hal_wwdg.c...
compiling main.c...
compiling stm32h7xx_hal_tim_ex.c...
compiling stm32h7xx_hal_uart.c...
compiling stm32h7xx_hal_usart.c...
compiling iwdg.c...
compiling sys.c...
compiling delay.c...
compiling stm32h7xx_hal_msp.c...
compiling stm32h7xx_it.c...
compiling usart.c...
compiling tim.c...
compiling fdcan.c...
compiling io_extension.c...
compiling stm32h7xx_hal_tim.c...
compiling ring_buffer.c...
compiling ring_buffer_chapter.c...
compiling command_analyse.c...
compiling crc.c...
linking...
Program Size: Code=26568 RO-data=1504 RW-data=20 ZI-data=3788  
FromELF: creating hex file...
"..\..\Output\PinBoard.axf" - 0 Error(s), 0 Warning(s).

<h2>Software Packages used:</h2>

Package Vendor: Keil
                https://www.keil.com/pack/Keil.STM32H7xx_DFP.4.0.0.pack
                Keil.STM32H7xx_DFP.4.0.0
                STMicroelectronics STM32H7 Series Device Support

<h2>Collection of Component include folders:</h2>

<h2>Collection of Component Files used:</h2>
Build Time Elapsed:  00:00:10
</pre>
</body>
</html>
